/* Thu Nov 06 22:28:45.703 2025 conn 1 (10.0.1.4:57286) */ 
            CREATE TABLE products (
                id BIGINT,
                doc_text TEXT
            ) rt;
         # error=P01: syntax error, unexpected CREATE near 'CREATE TABLE products (
                id BIGINT,
                doc_text TEXT
            ) rt;
        '
/* Thu Nov 06 22:28:58.531 2025 conn 2 (10.0.1.4:58114) */ 
            CREATE TABLE products (
                id BIGINT,
                doc_text TEXT
            ) rt;
         # error=P01: syntax error, unexpected CREATE near 'CREATE TABLE products (
                id BIGINT,
                doc_text TEXT
            ) rt;
        '
/* Thu Nov 06 22:29:10.518 2025 conn 3 (10.0.1.4:53926) */ 
            CREATE TABLE products (
                id BIGINT,
                doc_text TEXT
            ) rt;
         # error=P01: syntax error, unexpected CREATE near 'CREATE TABLE products (
                id BIGINT,
                doc_text TEXT
            ) rt;
        '
/* Thu Nov 06 22:29:22.642 2025 conn 4 (10.0.1.4:60370) */ 
            CREATE TABLE products (
                id BIGINT,
                doc_text TEXT
            ) rt;
         # error=P01: syntax error, unexpected CREATE near 'CREATE TABLE products (
                id BIGINT,
                doc_text TEXT
            ) rt;
        '
/* Thu Nov 06 22:29:34.850 2025 conn 5 (10.0.1.4:41818) */ 
            CREATE TABLE products (
                id BIGINT,
                doc_text TEXT
            ) rt;
         # error=P01: syntax error, unexpected CREATE near 'CREATE TABLE products (
                id BIGINT,
                doc_text TEXT
            ) rt;
        '
/* Thu Nov 06 22:29:47.183 2025 conn 6 (10.0.1.4:55570) */ 
            CREATE TABLE products (
                id BIGINT,
                doc_text TEXT
            ) rt;
         # error=P01: syntax error, unexpected CREATE near 'CREATE TABLE products (
                id BIGINT,
                doc_text TEXT
            ) rt;
        '
/* Thu Nov 06 22:29:59.412 2025 conn 7 (10.0.1.4:37976) */ 
            CREATE TABLE products (
                id BIGINT,
                doc_text TEXT
            ) rt;
         # error=P01: syntax error, unexpected CREATE near 'CREATE TABLE products (
                id BIGINT,
                doc_text TEXT
            ) rt;
        '
/* Thu Nov 06 22:30:11.574 2025 conn 8 (10.0.1.4:59784) */ 
            CREATE TABLE products (
                id BIGINT,
                doc_text TEXT
            ) rt;
         # error=P01: syntax error, unexpected CREATE near 'CREATE TABLE products (
                id BIGINT,
                doc_text TEXT
            ) rt;
        '
/* Thu Nov 06 22:30:23.897 2025 conn 9 (10.0.1.4:51384) */ 
            CREATE TABLE products (
                id BIGINT,
                doc_text TEXT
            ) rt;
         # error=P01: syntax error, unexpected CREATE near 'CREATE TABLE products (
                id BIGINT,
                doc_text TEXT
            ) rt;
        '
/* Thu Nov 06 22:30:36.404 2025 conn 10 (10.0.1.4:47708) */ 
            CREATE TABLE products (
                id BIGINT,
                doc_text TEXT
            ) rt;
         # error=P01: syntax error, unexpected CREATE near 'CREATE TABLE products (
                id BIGINT,
                doc_text TEXT
            ) rt;
        '
/* Thu Nov 06 22:30:48.827 2025 conn 11 (10.0.1.4:47762) */ 
            CREATE TABLE products (
                id BIGINT,
                doc_text TEXT
            ) rt;
         # error=P01: syntax error, unexpected CREATE near 'CREATE TABLE products (
                id BIGINT,
                doc_text TEXT
            ) rt;
        '
/* Thu Nov 06 22:31:00.975 2025 conn 12 (10.0.1.4:46726) */ 
            CREATE TABLE products (
                id BIGINT,
                doc_text TEXT
            ) rt;
         # error=P01: syntax error, unexpected CREATE near 'CREATE TABLE products (
                id BIGINT,
                doc_text TEXT
            ) rt;
        '
/* Thu Nov 06 22:31:25.378 2025 conn 13 (10.0.1.4:55402) */ 
            CREATE TABLE products (
                id BIGINT,
                doc_text TEXT
            ) rt;
         # error=P01: syntax error, unexpected CREATE near 'CREATE TABLE products (
                id BIGINT,
                doc_text TEXT
            ) rt;
        '
/* Thu Nov 06 22:31:25.727 2025 conn 14 (10.0.1.4:37148) */ 
            CREATE TABLE products (
                id BIGINT,
                doc_text TEXT
            ) rt;
         # error=P01: syntax error, unexpected CREATE near 'CREATE TABLE products (
                id BIGINT,
                doc_text TEXT
            ) rt;
        '
/* Thu Nov 06 22:31:38.422 2025 conn 15 (10.0.1.4:38332) */ 
            CREATE TABLE products (
                id BIGINT,
                doc_text TEXT
            ) rt;
         # error=P01: syntax error, unexpected CREATE near 'CREATE TABLE products (
                id BIGINT,
                doc_text TEXT
            ) rt;
        '
/* Thu Nov 06 22:31:50.628 2025 conn 16 (10.0.1.4:36558) */ 
            CREATE TABLE products (
                id BIGINT,
                doc_text TEXT
            ) rt;
         # error=P01: syntax error, unexpected CREATE near 'CREATE TABLE products (
                id BIGINT,
                doc_text TEXT
            ) rt;
        '
/* Thu Nov 06 22:32:02.533 2025 conn 17 (10.0.1.4:55558) */ 
            CREATE TABLE products (
                id BIGINT,
                doc_text TEXT
            ) rt;
         # error=P01: syntax error, unexpected CREATE near 'CREATE TABLE products (
                id BIGINT,
                doc_text TEXT
            ) rt;
        '
/* Thu Nov 06 22:32:14.915 2025 conn 18 (10.0.1.4:55352) */ 
            CREATE TABLE products (
                id BIGINT,
                doc_text TEXT
            ) rt;
         # error=P01: syntax error, unexpected CREATE near 'CREATE TABLE products (
                id BIGINT,
                doc_text TEXT
            ) rt;
        '
/* Thu Nov 06 22:32:26.660 2025 conn 19 (10.0.1.4:51340) */ 
            CREATE TABLE products (
                id BIGINT,
                doc_text TEXT
            ) rt;
         # error=P01: syntax error, unexpected CREATE near 'CREATE TABLE products (
                id BIGINT,
                doc_text TEXT
            ) rt;
        '
/* Thu Nov 06 22:32:38.371 2025 conn 20 (10.0.1.4:51460) */ 
            CREATE TABLE products (
                id BIGINT,
                doc_text TEXT
            ) rt;
         # error=P01: syntax error, unexpected CREATE near 'CREATE TABLE products (
                id BIGINT,
                doc_text TEXT
            ) rt;
        '
/* Thu Nov 06 22:32:49.828 2025 conn 21 (10.0.1.4:40834) */ 
            CREATE TABLE products (
                id BIGINT,
                doc_text TEXT
            ) rt;
         # error=P01: syntax error, unexpected CREATE near 'CREATE TABLE products (
                id BIGINT,
                doc_text TEXT
            ) rt;
        '
/* Thu Nov 06 22:33:01.507 2025 conn 22 (10.0.1.4:47722) */ 
            CREATE TABLE products (
                id BIGINT,
                doc_text TEXT
            ) rt;
         # error=P01: syntax error, unexpected CREATE near 'CREATE TABLE products (
                id BIGINT,
                doc_text TEXT
            ) rt;
        '
/* Thu Nov 06 22:33:13.946 2025 conn 23 (10.0.1.4:59008) */ 
            CREATE TABLE products (
                id BIGINT,
                doc_text TEXT
            ) rt;
         # error=P01: syntax error, unexpected CREATE near 'CREATE TABLE products (
                id BIGINT,
                doc_text TEXT
            ) rt;
        '
/* Thu Nov 06 22:33:26.041 2025 conn 24 (10.0.1.4:38010) */ 
            CREATE TABLE products (
                id BIGINT,
                doc_text TEXT
            ) rt;
         # error=P01: syntax error, unexpected CREATE near 'CREATE TABLE products (
                id BIGINT,
                doc_text TEXT
            ) rt;
        '
/* Thu Nov 06 22:33:38.378 2025 conn 25 (10.0.1.4:45340) */ 
            CREATE TABLE products (
                id BIGINT,
                doc_text TEXT
            ) rt;
         # error=P01: syntax error, unexpected CREATE near 'CREATE TABLE products (
                id BIGINT,
                doc_text TEXT
            ) rt;
        '
/* Thu Nov 06 22:33:50.605 2025 conn 26 (10.0.1.4:49276) */ 
            CREATE TABLE products (
                id BIGINT,
                doc_text TEXT
            ) rt;
         # error=P01: syntax error, unexpected CREATE near 'CREATE TABLE products (
                id BIGINT,
                doc_text TEXT
            ) rt;
        '
/* Thu Nov 06 22:34:03.088 2025 conn 27 (10.0.1.4:59572) */ 
            CREATE TABLE products (
                id BIGINT,
                doc_text TEXT
            ) rt;
         # error=P01: syntax error, unexpected CREATE near 'CREATE TABLE products (
                id BIGINT,
                doc_text TEXT
            ) rt;
        '
/* Thu Nov 06 22:34:15.547 2025 conn 28 (10.0.1.4:43556) */ 
            CREATE TABLE products (
                id BIGINT,
                doc_text TEXT
            ) rt;
         # error=P01: syntax error, unexpected CREATE near 'CREATE TABLE products (
                id BIGINT,
                doc_text TEXT
            ) rt;
        '
/* Thu Nov 06 22:34:28.323 2025 conn 29 (10.0.1.4:44454) */ 
            CREATE TABLE products (
                id BIGINT,
                doc_text TEXT
            ) rt;
         # error=P01: syntax error, unexpected CREATE near 'CREATE TABLE products (
                id BIGINT,
                doc_text TEXT
            ) rt;
        '
/* Thu Nov 06 22:34:40.892 2025 conn 30 (10.0.1.4:52476) */ 
            CREATE TABLE products (
                id BIGINT,
                doc_text TEXT
            ) rt;
         # error=P01: syntax error, unexpected CREATE near 'CREATE TABLE products (
                id BIGINT,
                doc_text TEXT
            ) rt;
        '
/* Thu Nov 06 22:34:53.570 2025 conn 31 (10.0.1.4:49346) */ 
            CREATE TABLE products (
                id BIGINT,
                doc_text TEXT
            ) rt;
         # error=P01: syntax error, unexpected CREATE near 'CREATE TABLE products (
                id BIGINT,
                doc_text TEXT
            ) rt;
        '
/* Thu Nov 06 22:35:18.020 2025 conn 32 (10.0.1.4:60184) */ 
            CREATE TABLE products (
                id BIGINT,
                doc_text TEXT
            ) rt;
         # error=P01: syntax error, unexpected CREATE near 'CREATE TABLE products (
                id BIGINT,
                doc_text TEXT
            ) rt;
        '
/* Thu Nov 06 22:35:18.129 2025 conn 33 (10.0.1.4:36902) */ 
            CREATE TABLE products (
                id BIGINT,
                doc_text TEXT
            ) rt;
         # error=P01: syntax error, unexpected CREATE near 'CREATE TABLE products (
                id BIGINT,
                doc_text TEXT
            ) rt;
        '
/* Thu Nov 06 22:35:30.319 2025 conn 34 (10.0.1.4:42686) */ 
            CREATE TABLE products (
                id BIGINT,
                doc_text TEXT
            ) rt;
         # error=P01: syntax error, unexpected CREATE near 'CREATE TABLE products (
                id BIGINT,
                doc_text TEXT
            ) rt;
        '
/* Thu Nov 06 22:35:42.721 2025 conn 35 (10.0.1.4:40766) */ 
            CREATE TABLE products (
                id BIGINT,
                doc_text TEXT
            ) rt;
         # error=P01: syntax error, unexpected CREATE near 'CREATE TABLE products (
                id BIGINT,
                doc_text TEXT
            ) rt;
        '
/* Thu Nov 06 22:35:55.092 2025 conn 36 (10.0.1.4:43260) */ 
            CREATE TABLE products (
                id BIGINT,
                doc_text TEXT
            ) rt;
         # error=P01: syntax error, unexpected CREATE near 'CREATE TABLE products (
                id BIGINT,
                doc_text TEXT
            ) rt;
        '
/* Thu Nov 06 22:36:07.258 2025 conn 37 (10.0.1.4:39608) */ 
            CREATE TABLE products (
                id BIGINT,
                doc_text TEXT
            ) rt;
         # error=P01: syntax error, unexpected CREATE near 'CREATE TABLE products (
                id BIGINT,
                doc_text TEXT
            ) rt;
        '
/* Thu Nov 06 22:36:18.977 2025 conn 38 (10.0.1.4:49220) */ 
            CREATE TABLE products (
                id BIGINT,
                doc_text TEXT
            ) rt;
         # error=P01: syntax error, unexpected CREATE near 'CREATE TABLE products (
                id BIGINT,
                doc_text TEXT
            ) rt;
        '
/* Thu Nov 06 22:36:31.078 2025 conn 39 (10.0.1.4:35288) */ 
            CREATE TABLE products (
                id BIGINT,
                doc_text TEXT
            ) rt;
         # error=P01: syntax error, unexpected CREATE near 'CREATE TABLE products (
                id BIGINT,
                doc_text TEXT
            ) rt;
        '
/* Thu Nov 06 22:36:43.321 2025 conn 40 (10.0.1.4:36326) */ 
            CREATE TABLE products (
                id BIGINT,
                doc_text TEXT
            ) rt;
         # error=P01: syntax error, unexpected CREATE near 'CREATE TABLE products (
                id BIGINT,
                doc_text TEXT
            ) rt;
        '
/* Thu Nov 06 22:36:55.492 2025 conn 41 (10.0.1.4:33876) */ 
            CREATE TABLE products (
                id BIGINT,
                doc_text TEXT
            ) rt;
         # error=P01: syntax error, unexpected CREATE near 'CREATE TABLE products (
                id BIGINT,
                doc_text TEXT
            ) rt;
        '
/* Thu Nov 06 22:37:07.787 2025 conn 42 (10.0.1.4:60404) */ 
            CREATE TABLE products (
                id BIGINT,
                doc_text TEXT
            ) rt;
         # error=P01: syntax error, unexpected CREATE near 'CREATE TABLE products (
                id BIGINT,
                doc_text TEXT
            ) rt;
        '
/* Thu Nov 06 22:37:19.905 2025 conn 43 (10.0.1.4:45672) */ 
            CREATE TABLE products (
                id BIGINT,
                doc_text TEXT
            ) rt;
         # error=P01: syntax error, unexpected CREATE near 'CREATE TABLE products (
                id BIGINT,
                doc_text TEXT
            ) rt;
        '
/* Thu Nov 06 22:37:32.076 2025 conn 44 (10.0.1.4:42250) */ 
            CREATE TABLE products (
                id BIGINT,
                doc_text TEXT
            ) rt;
         # error=P01: syntax error, unexpected CREATE near 'CREATE TABLE products (
                id BIGINT,
                doc_text TEXT
            ) rt;
        '
/* Thu Nov 06 22:37:44.529 2025 conn 45 (10.0.1.4:47974) */ 
            CREATE TABLE products (
                id BIGINT,
                doc_text TEXT
            ) rt;
         # error=P01: syntax error, unexpected CREATE near 'CREATE TABLE products (
                id BIGINT,
                doc_text TEXT
            ) rt;
        '
/* Thu Nov 06 22:37:56.802 2025 conn 46 (10.0.1.4:57928) */ 
            CREATE TABLE products (
                id BIGINT,
                doc_text TEXT
            ) rt;
         # error=P01: syntax error, unexpected CREATE near 'CREATE TABLE products (
                id BIGINT,
                doc_text TEXT
            ) rt;
        '
/* Thu Nov 06 22:38:09.123 2025 conn 47 (10.0.1.4:40060) */ 
            CREATE TABLE products (
                id BIGINT,
                doc_text TEXT
            ) rt;
         # error=P01: syntax error, unexpected CREATE near 'CREATE TABLE products (
                id BIGINT,
                doc_text TEXT
            ) rt;
        '
/* Thu Nov 06 22:38:21.857 2025 conn 48 (10.0.1.4:57754) */ 
            CREATE TABLE products (
                id BIGINT,
                doc_text TEXT
            ) rt;
         # error=P01: syntax error, unexpected CREATE near 'CREATE TABLE products (
                id BIGINT,
                doc_text TEXT
            ) rt;
        '
/* Thu Nov 06 22:38:34.014 2025 conn 49 (10.0.1.4:44348) */ 
            CREATE TABLE products (
                id BIGINT,
                doc_text TEXT
            ) rt;
         # error=P01: syntax error, unexpected CREATE near 'CREATE TABLE products (
                id BIGINT,
                doc_text TEXT
            ) rt;
        '
/* Thu Nov 06 22:38:46.115 2025 conn 50 (10.0.1.4:58932) */ 
            CREATE TABLE products (
                id BIGINT,
                doc_text TEXT
            ) rt;
         # error=P01: syntax error, unexpected CREATE near 'CREATE TABLE products (
                id BIGINT,
                doc_text TEXT
            ) rt;
        '
/* Thu Nov 06 22:38:58.353 2025 conn 51 (10.0.1.4:44496) */ 
            CREATE TABLE products (
                id BIGINT,
                doc_text TEXT
            ) rt;
         # error=P01: syntax error, unexpected CREATE near 'CREATE TABLE products (
                id BIGINT,
                doc_text TEXT
            ) rt;
        '
/* Thu Nov 06 22:39:10.371 2025 conn 52 (10.0.1.4:43336) */ 
            CREATE TABLE products (
                id BIGINT,
                doc_text TEXT
            ) rt;
         # error=P01: syntax error, unexpected CREATE near 'CREATE TABLE products (
                id BIGINT,
                doc_text TEXT
            ) rt;
        '
/* Thu Nov 06 22:39:22.443 2025 conn 53 (10.0.1.4:36440) */ 
            CREATE TABLE products (
                id BIGINT,
                doc_text TEXT
            ) rt;
         # error=P01: syntax error, unexpected CREATE near 'CREATE TABLE products (
                id BIGINT,
                doc_text TEXT
            ) rt;
        '
/* Thu Nov 06 22:39:34.747 2025 conn 54 (10.0.1.4:51590) */ 
            CREATE TABLE products (
                id BIGINT,
                doc_text TEXT
            ) rt;
         # error=P01: syntax error, unexpected CREATE near 'CREATE TABLE products (
                id BIGINT,
                doc_text TEXT
            ) rt;
        '
/* Thu Nov 06 22:39:46.977 2025 conn 55 (10.0.1.4:59276) */ 
            CREATE TABLE products (
                id BIGINT,
                doc_text TEXT
            ) rt;
         # error=P01: syntax error, unexpected CREATE near 'CREATE TABLE products (
                id BIGINT,
                doc_text TEXT
            ) rt;
        '
/* Thu Nov 06 22:39:59.508 2025 conn 56 (10.0.1.4:45210) */ 
            CREATE TABLE products (
                id BIGINT,
                doc_text TEXT
            ) rt;
         # error=P01: syntax error, unexpected CREATE near 'CREATE TABLE products (
                id BIGINT,
                doc_text TEXT
            ) rt;
        '
/* Thu Nov 06 22:40:11.877 2025 conn 57 (10.0.1.4:47964) */ 
            CREATE TABLE products (
                id BIGINT,
                doc_text TEXT
            ) rt;
         # error=P01: syntax error, unexpected CREATE near 'CREATE TABLE products (
                id BIGINT,
                doc_text TEXT
            ) rt;
        '
/* Thu Nov 06 22:40:24.136 2025 conn 58 (10.0.1.4:48614) */ 
            CREATE TABLE products (
                id BIGINT,
                doc_text TEXT
            ) rt;
         # error=P01: syntax error, unexpected CREATE near 'CREATE TABLE products (
                id BIGINT,
                doc_text TEXT
            ) rt;
        '
/* Thu Nov 06 22:40:36.038 2025 conn 59 (10.0.1.4:39890) */ 
            CREATE TABLE products (
                id BIGINT,
                doc_text TEXT
            ) rt;
         # error=P01: syntax error, unexpected CREATE near 'CREATE TABLE products (
                id BIGINT,
                doc_text TEXT
            ) rt;
        '
/* Thu Nov 06 22:40:47.658 2025 conn 60 (10.0.1.4:46916) */ 
            CREATE TABLE products (
                id BIGINT,
                doc_text TEXT
            ) rt;
         # error=P01: syntax error, unexpected CREATE near 'CREATE TABLE products (
                id BIGINT,
                doc_text TEXT
            ) rt;
        '
/* Thu Nov 06 22:40:59.798 2025 conn 61 (10.0.1.4:34870) */ 
            CREATE TABLE products (
                id BIGINT,
                doc_text TEXT
            ) rt;
         # error=P01: syntax error, unexpected CREATE near 'CREATE TABLE products (
                id BIGINT,
                doc_text TEXT
            ) rt;
        '
/* Thu Nov 06 22:41:11.531 2025 conn 62 (10.0.1.4:48524) */ 
            CREATE TABLE products (
                id BIGINT,
                doc_text TEXT
            ) rt;
         # error=P01: syntax error, unexpected CREATE near 'CREATE TABLE products (
                id BIGINT,
                doc_text TEXT
            ) rt;
        '
/* Thu Nov 06 22:41:23.594 2025 conn 63 (10.0.1.4:54004) */ 
            CREATE TABLE products (
                id BIGINT,
                doc_text TEXT
            ) rt;
         # error=P01: syntax error, unexpected CREATE near 'CREATE TABLE products (
                id BIGINT,
                doc_text TEXT
            ) rt;
        '
/* Thu Nov 06 22:41:35.745 2025 conn 64 (10.0.1.4:41902) */ 
            CREATE TABLE products (
                id BIGINT,
                doc_text TEXT
            ) rt;
         # error=P01: syntax error, unexpected CREATE near 'CREATE TABLE products (
                id BIGINT,
                doc_text TEXT
            ) rt;
        '
/* Thu Nov 06 22:41:47.778 2025 conn 65 (10.0.1.4:55110) */ 
            CREATE TABLE products (
                id BIGINT,
                doc_text TEXT
            ) rt;
         # error=P01: syntax error, unexpected CREATE near 'CREATE TABLE products (
                id BIGINT,
                doc_text TEXT
            ) rt;
        '
/* Thu Nov 06 22:41:59.753 2025 conn 66 (10.0.1.4:41616) */ 
            CREATE TABLE products (
                id BIGINT,
                doc_text TEXT
            ) rt;
         # error=P01: syntax error, unexpected CREATE near 'CREATE TABLE products (
                id BIGINT,
                doc_text TEXT
            ) rt;
        '
/* Thu Nov 06 22:42:11.570 2025 conn 67 (10.0.1.4:46006) */ 
            CREATE TABLE products (
                id BIGINT,
                doc_text TEXT
            ) rt;
         # error=P01: syntax error, unexpected CREATE near 'CREATE TABLE products (
                id BIGINT,
                doc_text TEXT
            ) rt;
        '
/* Thu Nov 06 22:42:23.507 2025 conn 68 (10.0.1.4:37566) */ 
            CREATE TABLE products (
                id BIGINT,
                doc_text TEXT
            ) rt;
         # error=P01: syntax error, unexpected CREATE near 'CREATE TABLE products (
                id BIGINT,
                doc_text TEXT
            ) rt;
        '
/* Thu Nov 06 22:42:35.431 2025 conn 69 (10.0.1.4:47424) */ 
            CREATE TABLE products (
                id BIGINT,
                doc_text TEXT
            ) rt;
         # error=P01: syntax error, unexpected CREATE near 'CREATE TABLE products (
                id BIGINT,
                doc_text TEXT
            ) rt;
        '
/* Thu Nov 06 22:42:47.782 2025 conn 70 (10.0.1.4:60462) */ 
            CREATE TABLE products (
                id BIGINT,
                doc_text TEXT
            ) rt;
         # error=P01: syntax error, unexpected CREATE near 'CREATE TABLE products (
                id BIGINT,
                doc_text TEXT
            ) rt;
        '
/* Thu Nov 06 22:42:59.840 2025 conn 71 (10.0.1.4:33076) */ 
            CREATE TABLE products (
                id BIGINT,
                doc_text TEXT
            ) rt;
         # error=P01: syntax error, unexpected CREATE near 'CREATE TABLE products (
                id BIGINT,
                doc_text TEXT
            ) rt;
        '
/* Thu Nov 06 22:43:11.905 2025 conn 72 (10.0.1.4:45304) */ 
            CREATE TABLE products (
                id BIGINT,
                doc_text TEXT
            ) rt;
         # error=P01: syntax error, unexpected CREATE near 'CREATE TABLE products (
                id BIGINT,
                doc_text TEXT
            ) rt;
        '
/* Thu Nov 06 22:43:23.905 2025 conn 73 (10.0.1.4:39602) */ 
            CREATE TABLE products (
                id BIGINT,
                doc_text TEXT
            ) rt;
         # error=P01: syntax error, unexpected CREATE near 'CREATE TABLE products (
                id BIGINT,
                doc_text TEXT
            ) rt;
        '
/* Thu Nov 06 22:43:36.247 2025 conn 74 (10.0.1.4:33144) */ 
            CREATE TABLE products (
                id BIGINT,
                doc_text TEXT
            ) rt;
         # error=P01: syntax error, unexpected CREATE near 'CREATE TABLE products (
                id BIGINT,
                doc_text TEXT
            ) rt;
        '
/* Thu Nov 06 22:43:48.306 2025 conn 75 (10.0.1.4:51144) */ 
            CREATE TABLE products (
                id BIGINT,
                doc_text TEXT
            ) rt;
         # error=P01: syntax error, unexpected CREATE near 'CREATE TABLE products (
                id BIGINT,
                doc_text TEXT
            ) rt;
        '
/* Thu Nov 06 22:44:00.505 2025 conn 76 (10.0.1.4:45010) */ 
            CREATE TABLE products (
                id BIGINT,
                doc_text TEXT
            ) rt;
         # error=P01: syntax error, unexpected CREATE near 'CREATE TABLE products (
                id BIGINT,
                doc_text TEXT
            ) rt;
        '
/* Thu Nov 06 22:44:12.398 2025 conn 77 (10.0.1.4:55188) */ 
            CREATE TABLE products (
                id BIGINT,
                doc_text TEXT
            ) rt;
         # error=P01: syntax error, unexpected CREATE near 'CREATE TABLE products (
                id BIGINT,
                doc_text TEXT
            ) rt;
        '
/* Thu Nov 06 22:44:36.456 2025 conn 78 (10.0.1.4:59038) */ 
            CREATE TABLE products (
                id BIGINT,
                doc_text TEXT
            ) rt;
         # error=P01: syntax error, unexpected CREATE near 'CREATE TABLE products (
                id BIGINT,
                doc_text TEXT
            ) rt;
        '
/* Thu Nov 06 22:44:36.341 2025 conn 79 (10.0.1.4:50352) */ 
            CREATE TABLE products (
                id BIGINT,
                doc_text TEXT
            ) rt;
         # error=P01: syntax error, unexpected CREATE near 'CREATE TABLE products (
                id BIGINT,
                doc_text TEXT
            ) rt;
        '
/* Thu Nov 06 22:44:48.529 2025 conn 80 (10.0.1.4:39136) */ 
            CREATE TABLE products (
                id BIGINT,
                doc_text TEXT
            ) rt;
         # error=P01: syntax error, unexpected CREATE near 'CREATE TABLE products (
                id BIGINT,
                doc_text TEXT
            ) rt;
        '
/* Thu Nov 06 22:45:00.784 2025 conn 81 (10.0.1.4:41536) */ 
            CREATE TABLE products (
                id BIGINT,
                doc_text TEXT
            ) rt;
         # error=P01: syntax error, unexpected CREATE near 'CREATE TABLE products (
                id BIGINT,
                doc_text TEXT
            ) rt;
        '
/* Thu Nov 06 22:45:12.558 2025 conn 82 (10.0.1.4:58622) */ 
            CREATE TABLE products (
                id BIGINT,
                doc_text TEXT
            ) rt;
         # error=P01: syntax error, unexpected CREATE near 'CREATE TABLE products (
                id BIGINT,
                doc_text TEXT
            ) rt;
        '
/* Thu Nov 06 22:45:24.615 2025 conn 83 (10.0.1.4:33992) */ 
            CREATE TABLE products (
                id BIGINT,
                doc_text TEXT
            ) rt;
         # error=P01: syntax error, unexpected CREATE near 'CREATE TABLE products (
                id BIGINT,
                doc_text TEXT
            ) rt;
        '
/* Thu Nov 06 22:45:36.497 2025 conn 84 (10.0.1.4:44248) */ 
            CREATE TABLE products (
                id BIGINT,
                doc_text TEXT
            ) rt;
         # error=P01: syntax error, unexpected CREATE near 'CREATE TABLE products (
                id BIGINT,
                doc_text TEXT
            ) rt;
        '
/* Thu Nov 06 22:45:48.520 2025 conn 85 (10.0.1.4:47980) */ 
            CREATE TABLE products (
                id BIGINT,
                doc_text TEXT
            ) rt;
         # error=P01: syntax error, unexpected CREATE near 'CREATE TABLE products (
                id BIGINT,
                doc_text TEXT
            ) rt;
        '
/* Thu Nov 06 22:46:01.403 2025 conn 86 (10.0.1.4:53164) */ 
            CREATE TABLE products (
                id BIGINT,
                doc_text TEXT
            ) rt;
         # error=P01: syntax error, unexpected CREATE near 'CREATE TABLE products (
                id BIGINT,
                doc_text TEXT
            ) rt;
        '
/* Thu Nov 06 22:46:13.811 2025 conn 87 (10.0.1.4:39724) */ 
            CREATE TABLE products (
                id BIGINT,
                doc_text TEXT
            ) rt;
         # error=P01: syntax error, unexpected CREATE near 'CREATE TABLE products (
                id BIGINT,
                doc_text TEXT
            ) rt;
        '
/* Thu Nov 06 22:46:25.963 2025 conn 88 (10.0.1.4:44274) */ 
            CREATE TABLE products (
                id BIGINT,
                doc_text TEXT
            ) rt;
         # error=P01: syntax error, unexpected CREATE near 'CREATE TABLE products (
                id BIGINT,
                doc_text TEXT
            ) rt;
        '
/* Thu Nov 06 22:46:37.861 2025 conn 89 (10.0.1.4:33018) */ 
            CREATE TABLE products (
                id BIGINT,
                doc_text TEXT
            ) rt;
         # error=P01: syntax error, unexpected CREATE near 'CREATE TABLE products (
                id BIGINT,
                doc_text TEXT
            ) rt;
        '
/* Thu Nov 06 22:46:49.725 2025 conn 90 (10.0.1.4:55420) */ 
            CREATE TABLE products (
                id BIGINT,
                doc_text TEXT
            ) rt;
         # error=P01: syntax error, unexpected CREATE near 'CREATE TABLE products (
                id BIGINT,
                doc_text TEXT
            ) rt;
        '
/* Thu Nov 06 22:47:01.533 2025 conn 91 (10.0.1.4:40536) */ 
            CREATE TABLE products (
                id BIGINT,
                doc_text TEXT
            ) rt;
         # error=P01: syntax error, unexpected CREATE near 'CREATE TABLE products (
                id BIGINT,
                doc_text TEXT
            ) rt;
        '
/* Thu Nov 06 22:47:13.409 2025 conn 92 (10.0.1.4:36464) */ 
            CREATE TABLE products (
                id BIGINT,
                doc_text TEXT
            ) rt;
         # error=P01: syntax error, unexpected CREATE near 'CREATE TABLE products (
                id BIGINT,
                doc_text TEXT
            ) rt;
        '
/* Thu Nov 06 22:47:25.304 2025 conn 93 (10.0.1.4:44650) */ 
            CREATE TABLE products (
                id BIGINT,
                doc_text TEXT
            ) rt;
         # error=P01: syntax error, unexpected CREATE near 'CREATE TABLE products (
                id BIGINT,
                doc_text TEXT
            ) rt;
        '
/* Thu Nov 06 22:47:37.335 2025 conn 94 (10.0.1.4:59362) */ 
            CREATE TABLE products (
                id BIGINT,
                doc_text TEXT
            ) rt;
         # error=P01: syntax error, unexpected CREATE near 'CREATE TABLE products (
                id BIGINT,
                doc_text TEXT
            ) rt;
        '
/* Thu Nov 06 22:48:01.707 2025 conn 95 (10.0.1.4:53142) */ 
            CREATE TABLE products (
                id BIGINT,
                doc_text TEXT
            ) rt;
         # error=P01: syntax error, unexpected CREATE near 'CREATE TABLE products (
                id BIGINT,
                doc_text TEXT
            ) rt;
        '
/* Thu Nov 06 22:48:01.542 2025 conn 96 (10.0.1.4:46494) */ 
            CREATE TABLE products (
                id BIGINT,
                doc_text TEXT
            ) rt;
         # error=P01: syntax error, unexpected CREATE near 'CREATE TABLE products (
                id BIGINT,
                doc_text TEXT
            ) rt;
        '
/* Thu Nov 06 22:48:13.686 2025 conn 97 (10.0.1.4:42904) */ 
            CREATE TABLE products (
                id BIGINT,
                doc_text TEXT
            ) rt;
         # error=P01: syntax error, unexpected CREATE near 'CREATE TABLE products (
                id BIGINT,
                doc_text TEXT
            ) rt;
        '
/* Thu Nov 06 22:48:26.056 2025 conn 98 (10.0.1.4:34182) */ 
            CREATE TABLE products (
                id BIGINT,
                doc_text TEXT
            ) rt;
         # error=P01: syntax error, unexpected CREATE near 'CREATE TABLE products (
                id BIGINT,
                doc_text TEXT
            ) rt;
        '
/* Thu Nov 06 22:48:38.105 2025 conn 99 (10.0.1.4:35572) */ 
            CREATE TABLE products (
                id BIGINT,
                doc_text TEXT
            ) rt;
         # error=P01: syntax error, unexpected CREATE near 'CREATE TABLE products (
                id BIGINT,
                doc_text TEXT
            ) rt;
        '
/* Thu Nov 06 22:48:50.119 2025 conn 100 (10.0.1.4:35258) */ 
            CREATE TABLE products (
                id BIGINT,
                doc_text TEXT
            ) rt;
         # error=P01: syntax error, unexpected CREATE near 'CREATE TABLE products (
                id BIGINT,
                doc_text TEXT
            ) rt;
        '
/* Thu Nov 06 22:49:02.181 2025 conn 101 (10.0.1.4:47654) */ 
            CREATE TABLE products (
                id BIGINT,
                doc_text TEXT
            ) rt;
         # error=P01: syntax error, unexpected CREATE near 'CREATE TABLE products (
                id BIGINT,
                doc_text TEXT
            ) rt;
        '
/* Thu Nov 06 22:49:14.498 2025 conn 102 (10.0.1.4:34454) */ 
            CREATE TABLE products (
                id BIGINT,
                doc_text TEXT
            ) rt;
         # error=P01: syntax error, unexpected CREATE near 'CREATE TABLE products (
                id BIGINT,
                doc_text TEXT
            ) rt;
        '
/* Thu Nov 06 22:49:26.433 2025 conn 103 (10.0.1.4:43122) */ 
            CREATE TABLE products (
                id BIGINT,
                doc_text TEXT
            ) rt;
         # error=P01: syntax error, unexpected CREATE near 'CREATE TABLE products (
                id BIGINT,
                doc_text TEXT
            ) rt;
        '
/* Thu Nov 06 22:49:38.880 2025 conn 104 (10.0.1.4:34690) */ 
            CREATE TABLE products (
                id BIGINT,
                doc_text TEXT
            ) rt;
         # error=P01: syntax error, unexpected CREATE near 'CREATE TABLE products (
                id BIGINT,
                doc_text TEXT
            ) rt;
        '
/* Thu Nov 06 22:49:50.878 2025 conn 105 (10.0.1.4:39108) */ 
            CREATE TABLE products (
                id BIGINT,
                doc_text TEXT
            ) rt;
         # error=P01: syntax error, unexpected CREATE near 'CREATE TABLE products (
                id BIGINT,
                doc_text TEXT
            ) rt;
        '
/* Thu Nov 06 22:50:02.796 2025 conn 106 (10.0.1.4:38938) */ 
            CREATE TABLE products (
                id BIGINT,
                doc_text TEXT
            ) rt;
         # error=P01: syntax error, unexpected CREATE near 'CREATE TABLE products (
                id BIGINT,
                doc_text TEXT
            ) rt;
        '
/* Thu Nov 06 22:50:15.056 2025 conn 107 (10.0.1.4:37356) */ 
            CREATE TABLE products (
                id BIGINT,
                doc_text TEXT
            ) rt;
         # error=P01: syntax error, unexpected CREATE near 'CREATE TABLE products (
                id BIGINT,
                doc_text TEXT
            ) rt;
        '
/* Thu Nov 06 22:50:39.324 2025 conn 108 (10.0.1.4:45814) */ 
            CREATE TABLE products (
                id BIGINT,
                doc_text TEXT
            ) rt;
         # error=P01: syntax error, unexpected CREATE near 'CREATE TABLE products (
                id BIGINT,
                doc_text TEXT
            ) rt;
        '
/* Thu Nov 06 22:50:51.776 2025 conn 109 (10.0.1.4:44370) */ 
            CREATE TABLE products (
                id BIGINT,
                doc_text TEXT
            ) rt;
         # error=P01: syntax error, unexpected CREATE near 'CREATE TABLE products (
                id BIGINT,
                doc_text TEXT
            ) rt;
        '
/* Thu Nov 06 22:50:52.339 2025 conn 110 (10.0.1.4:56380) */ 
            CREATE TABLE products (
                id BIGINT,
                doc_text TEXT
            ) rt;
         # error=P01: syntax error, unexpected CREATE near 'CREATE TABLE products (
                id BIGINT,
                doc_text TEXT
            ) rt;
        '
/* Thu Nov 06 22:51:04.315 2025 conn 111 (10.0.1.4:39780) */ 
            CREATE TABLE products (
                id BIGINT,
                doc_text TEXT
            ) rt;
         # error=P01: syntax error, unexpected CREATE near 'CREATE TABLE products (
                id BIGINT,
                doc_text TEXT
            ) rt;
        '
/* Thu Nov 06 22:51:16.478 2025 conn 112 (10.0.1.4:60642) */ 
            CREATE TABLE products (
                id BIGINT,
                doc_text TEXT
            ) rt;
         # error=P01: syntax error, unexpected CREATE near 'CREATE TABLE products (
                id BIGINT,
                doc_text TEXT
            ) rt;
        '
/* Thu Nov 06 22:51:28.559 2025 conn 113 (10.0.1.4:36584) */ 
            CREATE TABLE products (
                id BIGINT,
                doc_text TEXT
            ) rt;
         # error=P01: syntax error, unexpected CREATE near 'CREATE TABLE products (
                id BIGINT,
                doc_text TEXT
            ) rt;
        '
/* Thu Nov 06 22:51:40.589 2025 conn 114 (10.0.1.4:54414) */ 
            CREATE TABLE products (
                id BIGINT,
                doc_text TEXT
            ) rt;
         # error=P01: syntax error, unexpected CREATE near 'CREATE TABLE products (
                id BIGINT,
                doc_text TEXT
            ) rt;
        '
/* Thu Nov 06 22:51:52.549 2025 conn 115 (10.0.1.4:45588) */ 
            CREATE TABLE products (
                id BIGINT,
                doc_text TEXT
            ) rt;
         # error=P01: syntax error, unexpected CREATE near 'CREATE TABLE products (
                id BIGINT,
                doc_text TEXT
            ) rt;
        '
/* Thu Nov 06 22:52:04.535 2025 conn 116 (10.0.1.4:48934) */ 
            CREATE TABLE products (
                id BIGINT,
                doc_text TEXT
            ) rt;
         # error=P01: syntax error, unexpected CREATE near 'CREATE TABLE products (
                id BIGINT,
                doc_text TEXT
            ) rt;
        '
/* Thu Nov 06 22:52:16.703 2025 conn 117 (10.0.1.4:45770) */ 
            CREATE TABLE products (
                id BIGINT,
                doc_text TEXT
            ) rt;
         # error=P01: syntax error, unexpected CREATE near 'CREATE TABLE products (
                id BIGINT,
                doc_text TEXT
            ) rt;
        '
/* Thu Nov 06 22:52:29.075 2025 conn 118 (10.0.1.4:41586) */ 
            CREATE TABLE products (
                id BIGINT,
                doc_text TEXT
            ) rt;
         # error=P01: syntax error, unexpected CREATE near 'CREATE TABLE products (
                id BIGINT,
                doc_text TEXT
            ) rt;
        '
/* Thu Nov 06 22:52:41.465 2025 conn 119 (10.0.1.4:35582) */ 
            CREATE TABLE products (
                id BIGINT,
                doc_text TEXT
            ) rt;
         # error=P01: syntax error, unexpected CREATE near 'CREATE TABLE products (
                id BIGINT,
                doc_text TEXT
            ) rt;
        '
/* Thu Nov 06 22:52:53.242 2025 conn 120 (10.0.1.4:41262) */ 
            CREATE TABLE products (
                id BIGINT,
                doc_text TEXT
            ) rt;
         # error=P01: syntax error, unexpected CREATE near 'CREATE TABLE products (
                id BIGINT,
                doc_text TEXT
            ) rt;
        '
/* Thu Nov 06 22:53:17.171 2025 conn 121 (10.0.1.4:56016) */ 
            CREATE TABLE products (
                id BIGINT,
                doc_text TEXT
            ) rt;
         # error=P01: syntax error, unexpected CREATE near 'CREATE TABLE products (
                id BIGINT,
                doc_text TEXT
            ) rt;
        '
/* Thu Nov 06 22:53:17.076 2025 conn 122 (10.0.1.4:53838) */ 
            CREATE TABLE products (
                id BIGINT,
                doc_text TEXT
            ) rt;
         # error=P01: syntax error, unexpected CREATE near 'CREATE TABLE products (
                id BIGINT,
                doc_text TEXT
            ) rt;
        '
/* Thu Nov 06 22:53:29.430 2025 conn 123 (10.0.1.4:53656) */ 
            CREATE TABLE products (
                id BIGINT,
                doc_text TEXT
            ) rt;
         # error=P01: syntax error, unexpected CREATE near 'CREATE TABLE products (
                id BIGINT,
                doc_text TEXT
            ) rt;
        '
/* Thu Nov 06 22:53:41.621 2025 conn 124 (10.0.1.4:59128) */ 
            CREATE TABLE products (
                id BIGINT,
                doc_text TEXT
            ) rt;
         # error=P01: syntax error, unexpected CREATE near 'CREATE TABLE products (
                id BIGINT,
                doc_text TEXT
            ) rt;
        '
/* Thu Nov 06 22:53:53.578 2025 conn 125 (10.0.1.4:48546) */ 
            CREATE TABLE products (
                id BIGINT,
                doc_text TEXT
            ) rt;
         # error=P01: syntax error, unexpected CREATE near 'CREATE TABLE products (
                id BIGINT,
                doc_text TEXT
            ) rt;
        '
/* Thu Nov 06 22:54:05.864 2025 conn 126 (10.0.1.4:54796) */ 
            CREATE TABLE products (
                id BIGINT,
                doc_text TEXT
            ) rt;
         # error=P01: syntax error, unexpected CREATE near 'CREATE TABLE products (
                id BIGINT,
                doc_text TEXT
            ) rt;
        '
/* Thu Nov 06 22:54:18.121 2025 conn 127 (10.0.1.4:49004) */ 
            CREATE TABLE products (
                id BIGINT,
                doc_text TEXT
            ) rt;
         # error=P01: syntax error, unexpected CREATE near 'CREATE TABLE products (
                id BIGINT,
                doc_text TEXT
            ) rt;
        '
/* Thu Nov 06 22:54:30.091 2025 conn 128 (10.0.1.4:59276) */ 
            CREATE TABLE products (
                id BIGINT,
                doc_text TEXT
            ) rt;
         # error=P01: syntax error, unexpected CREATE near 'CREATE TABLE products (
                id BIGINT,
                doc_text TEXT
            ) rt;
        '
/* Thu Nov 06 22:54:42.086 2025 conn 129 (10.0.1.4:33328) */ 
            CREATE TABLE products (
                id BIGINT,
                doc_text TEXT
            ) rt;
         # error=P01: syntax error, unexpected CREATE near 'CREATE TABLE products (
                id BIGINT,
                doc_text TEXT
            ) rt;
        '
/* Thu Nov 06 22:54:53.919 2025 conn 130 (10.0.1.4:51858) */ 
            CREATE TABLE products (
                id BIGINT,
                doc_text TEXT
            ) rt;
         # error=P01: syntax error, unexpected CREATE near 'CREATE TABLE products (
                id BIGINT,
                doc_text TEXT
            ) rt;
        '
/* Thu Nov 06 22:55:06.061 2025 conn 131 (10.0.1.4:45726) */ 
            CREATE TABLE products (
                id BIGINT,
                doc_text TEXT
            ) rt;
         # error=P01: syntax error, unexpected CREATE near 'CREATE TABLE products (
                id BIGINT,
                doc_text TEXT
            ) rt;
        '
/* Thu Nov 06 22:55:18.162 2025 conn 132 (10.0.1.4:32794) */ 
            CREATE TABLE products (
                id BIGINT,
                doc_text TEXT
            ) rt;
         # error=P01: syntax error, unexpected CREATE near 'CREATE TABLE products (
                id BIGINT,
                doc_text TEXT
            ) rt;
        '
/* Thu Nov 06 22:55:42.151 2025 conn 133 (10.0.1.4:43682) */ 
            CREATE TABLE products (
                id BIGINT,
                doc_text TEXT
            ) rt;
         # error=P01: syntax error, unexpected CREATE near 'CREATE TABLE products (
                id BIGINT,
                doc_text TEXT
            ) rt;
        '
/* Thu Nov 06 22:55:42.333 2025 conn 134 (10.0.1.4:57662) */ 
            CREATE TABLE products (
                id BIGINT,
                doc_text TEXT
            ) rt;
         # error=P01: syntax error, unexpected CREATE near 'CREATE TABLE products (
                id BIGINT,
                doc_text TEXT
            ) rt;
        '
/* Thu Nov 06 22:55:54.099 2025 conn 135 (10.0.1.4:60662) */ 
            CREATE TABLE products (
                id BIGINT,
                doc_text TEXT
            ) rt;
         # error=P01: syntax error, unexpected CREATE near 'CREATE TABLE products (
                id BIGINT,
                doc_text TEXT
            ) rt;
        '
/* Thu Nov 06 22:56:06.214 2025 conn 136 (10.0.1.4:42474) */ 
            CREATE TABLE products (
                id BIGINT,
                doc_text TEXT
            ) rt;
         # error=P01: syntax error, unexpected CREATE near 'CREATE TABLE products (
                id BIGINT,
                doc_text TEXT
            ) rt;
        '
/* Thu Nov 06 22:56:17.951 2025 conn 137 (10.0.1.4:44366) */ 
            CREATE TABLE products (
                id BIGINT,
                doc_text TEXT
            ) rt;
         # error=P01: syntax error, unexpected CREATE near 'CREATE TABLE products (
                id BIGINT,
                doc_text TEXT
            ) rt;
        '
/* Thu Nov 06 22:56:29.904 2025 conn 138 (10.0.1.4:49110) */ 
            CREATE TABLE products (
                id BIGINT,
                doc_text TEXT
            ) rt;
         # error=P01: syntax error, unexpected CREATE near 'CREATE TABLE products (
                id BIGINT,
                doc_text TEXT
            ) rt;
        '
/* Thu Nov 06 22:56:42.242 2025 conn 139 (10.0.1.4:52572) */ 
            CREATE TABLE products (
                id BIGINT,
                doc_text TEXT
            ) rt;
         # error=P01: syntax error, unexpected CREATE near 'CREATE TABLE products (
                id BIGINT,
                doc_text TEXT
            ) rt;
        '
/* Thu Nov 06 22:56:54.178 2025 conn 140 (10.0.1.4:33622) */ 
            CREATE TABLE products (
                id BIGINT,
                doc_text TEXT
            ) rt;
         # error=P01: syntax error, unexpected CREATE near 'CREATE TABLE products (
                id BIGINT,
                doc_text TEXT
            ) rt;
        '
/* Thu Nov 06 22:57:05.846 2025 conn 141 (10.0.1.4:38972) */ 
            CREATE TABLE products (
                id BIGINT,
                doc_text TEXT
            ) rt;
         # error=P01: syntax error, unexpected CREATE near 'CREATE TABLE products (
                id BIGINT,
                doc_text TEXT
            ) rt;
        '
/* Thu Nov 06 22:57:16.816 2025 conn 142 (10.0.1.4:59254) */ 
            CREATE TABLE products (
                id BIGINT,
                doc_text TEXT
            ) rt;
         # error=P01: syntax error, unexpected CREATE near 'CREATE TABLE products (
                id BIGINT,
                doc_text TEXT
            ) rt;
        '
/* Thu Nov 06 22:57:28.919 2025 conn 143 (10.0.1.4:33636) */ 
            CREATE TABLE products (
                id BIGINT,
                doc_text TEXT
            ) rt;
         # error=P01: syntax error, unexpected CREATE near 'CREATE TABLE products (
                id BIGINT,
                doc_text TEXT
            ) rt;
        '
/* Thu Nov 06 22:57:40.831 2025 conn 144 (10.0.1.4:60486) */ 
            CREATE TABLE products (
                id BIGINT,
                doc_text TEXT
            ) rt;
         # error=P01: syntax error, unexpected CREATE near 'CREATE TABLE products (
                id BIGINT,
                doc_text TEXT
            ) rt;
        '
/* Thu Nov 06 22:57:52.792 2025 conn 145 (10.0.1.4:45192) */ 
            CREATE TABLE products (
                id BIGINT,
                doc_text TEXT
            ) rt;
         # error=P01: syntax error, unexpected CREATE near 'CREATE TABLE products (
                id BIGINT,
                doc_text TEXT
            ) rt;
        '
/* Thu Nov 06 22:58:04.675 2025 conn 146 (10.0.1.4:39938) */ 
            CREATE TABLE products (
                id BIGINT,
                doc_text TEXT
            ) rt;
         # error=P01: syntax error, unexpected CREATE near 'CREATE TABLE products (
                id BIGINT,
                doc_text TEXT
            ) rt;
        '
/* Thu Nov 06 22:58:17.121 2025 conn 147 (10.0.1.4:58588) */ 
            CREATE TABLE products (
                id BIGINT,
                doc_text TEXT
            ) rt;
         # error=P01: syntax error, unexpected CREATE near 'CREATE TABLE products (
                id BIGINT,
                doc_text TEXT
            ) rt;
        '
/* Thu Nov 06 22:58:29.393 2025 conn 148 (10.0.1.4:44914) */ 
            CREATE TABLE products (
                id BIGINT,
                doc_text TEXT
            ) rt;
         # error=P01: syntax error, unexpected CREATE near 'CREATE TABLE products (
                id BIGINT,
                doc_text TEXT
            ) rt;
        '
/* Thu Nov 06 22:58:41.563 2025 conn 149 (10.0.1.4:51462) */ 
            CREATE TABLE products (
                id BIGINT,
                doc_text TEXT
            ) rt;
         # error=P01: syntax error, unexpected CREATE near 'CREATE TABLE products (
                id BIGINT,
                doc_text TEXT
            ) rt;
        '
/* Thu Nov 06 22:58:54.038 2025 conn 150 (10.0.1.4:50878) */ 
            CREATE TABLE products (
                id BIGINT,
                doc_text TEXT
            ) rt;
         # error=P01: syntax error, unexpected CREATE near 'CREATE TABLE products (
                id BIGINT,
                doc_text TEXT
            ) rt;
        '
/* Thu Nov 06 22:59:06.024 2025 conn 151 (10.0.1.4:60378) */ 
            CREATE TABLE products (
                id BIGINT,
                doc_text TEXT
            ) rt;
         # error=P01: syntax error, unexpected CREATE near 'CREATE TABLE products (
                id BIGINT,
                doc_text TEXT
            ) rt;
        '
/* Thu Nov 06 22:59:18.024 2025 conn 152 (10.0.1.4:48464) */ 
            CREATE TABLE products (
                id BIGINT,
                doc_text TEXT
            ) rt;
         # error=P01: syntax error, unexpected CREATE near 'CREATE TABLE products (
                id BIGINT,
                doc_text TEXT
            ) rt;
        '
/* Thu Nov 06 22:59:30.036 2025 conn 153 (10.0.1.4:33806) */ 
            CREATE TABLE products (
                id BIGINT,
                doc_text TEXT
            ) rt;
         # error=P01: syntax error, unexpected CREATE near 'CREATE TABLE products (
                id BIGINT,
                doc_text TEXT
            ) rt;
        '
/* Thu Nov 06 22:59:42.075 2025 conn 154 (10.0.1.4:56294) */ 
            CREATE TABLE products (
                id BIGINT,
                doc_text TEXT
            ) rt;
         # error=P01: syntax error, unexpected CREATE near 'CREATE TABLE products (
                id BIGINT,
                doc_text TEXT
            ) rt;
        '
/* Thu Nov 06 22:59:53.925 2025 conn 155 (10.0.1.4:56628) */ 
            CREATE TABLE products (
                id BIGINT,
                doc_text TEXT
            ) rt;
         # error=P01: syntax error, unexpected CREATE near 'CREATE TABLE products (
                id BIGINT,
                doc_text TEXT
            ) rt;
        '
/* Thu Nov 06 23:00:06.055 2025 conn 156 (10.0.1.4:35796) */ 
            CREATE TABLE products (
                id BIGINT,
                doc_text TEXT
            ) rt;
         # error=P01: syntax error, unexpected CREATE near 'CREATE TABLE products (
                id BIGINT,
                doc_text TEXT
            ) rt;
        '
/* Thu Nov 06 23:00:18.771 2025 conn 157 (10.0.1.4:36016) */ 
            CREATE TABLE products (
                id BIGINT,
                doc_text TEXT
            ) rt;
         # error=P01: syntax error, unexpected CREATE near 'CREATE TABLE products (
                id BIGINT,
                doc_text TEXT
            ) rt;
        '
/* Thu Nov 06 23:00:31.017 2025 conn 158 (10.0.1.4:39354) */ 
            CREATE TABLE products (
                id BIGINT,
                doc_text TEXT
            ) rt;
         # error=P01: syntax error, unexpected CREATE near 'CREATE TABLE products (
                id BIGINT,
                doc_text TEXT
            ) rt;
        '
/* Thu Nov 06 23:00:43.114 2025 conn 159 (10.0.1.4:58786) */ 
            CREATE TABLE products (
                id BIGINT,
                doc_text TEXT
            ) rt;
         # error=P01: syntax error, unexpected CREATE near 'CREATE TABLE products (
                id BIGINT,
                doc_text TEXT
            ) rt;
        '
/* Thu Nov 06 23:00:55.643 2025 conn 160 (10.0.1.4:57188) */ 
            CREATE TABLE products (
                id BIGINT,
                doc_text TEXT
            ) rt;
         # error=P01: syntax error, unexpected CREATE near 'CREATE TABLE products (
                id BIGINT,
                doc_text TEXT
            ) rt;
        '
/* Thu Nov 06 23:01:08.216 2025 conn 161 (10.0.1.4:42376) */ 
            CREATE TABLE products (
                id BIGINT,
                doc_text TEXT
            ) rt;
         # error=P01: syntax error, unexpected CREATE near 'CREATE TABLE products (
                id BIGINT,
                doc_text TEXT
            ) rt;
        '
/* Thu Nov 06 23:01:20.158 2025 conn 162 (10.0.1.4:34378) */ 
            CREATE TABLE products (
                id BIGINT,
                doc_text TEXT
            ) rt;
         # error=P01: syntax error, unexpected CREATE near 'CREATE TABLE products (
                id BIGINT,
                doc_text TEXT
            ) rt;
        '
/* Thu Nov 06 23:01:32.055 2025 conn 163 (10.0.1.4:39022) */ 
            CREATE TABLE products (
                id BIGINT,
                doc_text TEXT
            ) rt;
         # error=P01: syntax error, unexpected CREATE near 'CREATE TABLE products (
                id BIGINT,
                doc_text TEXT
            ) rt;
        '
/* Thu Nov 06 23:01:43.994 2025 conn 164 (10.0.1.4:46932) */ 
            CREATE TABLE products (
                id BIGINT,
                doc_text TEXT
            ) rt;
         # error=P01: syntax error, unexpected CREATE near 'CREATE TABLE products (
                id BIGINT,
                doc_text TEXT
            ) rt;
        '
/* Thu Nov 06 23:01:56.371 2025 conn 165 (10.0.1.4:59216) */ 
            CREATE TABLE products (
                id BIGINT,
                doc_text TEXT
            ) rt;
         # error=P01: syntax error, unexpected CREATE near 'CREATE TABLE products (
                id BIGINT,
                doc_text TEXT
            ) rt;
        '
/* Thu Nov 06 23:02:08.590 2025 conn 166 (10.0.1.4:51030) */ 
            CREATE TABLE products (
                id BIGINT,
                doc_text TEXT
            ) rt;
         # error=P01: syntax error, unexpected CREATE near 'CREATE TABLE products (
                id BIGINT,
                doc_text TEXT
            ) rt;
        '
/* Thu Nov 06 23:02:20.537 2025 conn 167 (10.0.1.4:58506) */ 
            CREATE TABLE products (
                id BIGINT,
                doc_text TEXT
            ) rt;
         # error=P01: syntax error, unexpected CREATE near 'CREATE TABLE products (
                id BIGINT,
                doc_text TEXT
            ) rt;
        '
/* Thu Nov 06 23:02:32.457 2025 conn 168 (10.0.1.4:52482) */ 
            CREATE TABLE products (
                id BIGINT,
                doc_text TEXT
            ) rt;
         # error=P01: syntax error, unexpected CREATE near 'CREATE TABLE products (
                id BIGINT,
                doc_text TEXT
            ) rt;
        '
/* Thu Nov 06 23:02:44.496 2025 conn 169 (10.0.1.4:57942) */ 
            CREATE TABLE products (
                id BIGINT,
                doc_text TEXT
            ) rt;
         # error=P01: syntax error, unexpected CREATE near 'CREATE TABLE products (
                id BIGINT,
                doc_text TEXT
            ) rt;
        '
/* Thu Nov 06 23:02:56.684 2025 conn 170 (10.0.1.4:38492) */ 
            CREATE TABLE products (
                id BIGINT,
                doc_text TEXT
            ) rt;
         # error=P01: syntax error, unexpected CREATE near 'CREATE TABLE products (
                id BIGINT,
                doc_text TEXT
            ) rt;
        '
/* Thu Nov 06 23:03:09.082 2025 conn 171 (10.0.1.4:48290) */ 
            CREATE TABLE products (
                id BIGINT,
                doc_text TEXT
            ) rt;
         # error=P01: syntax error, unexpected CREATE near 'CREATE TABLE products (
                id BIGINT,
                doc_text TEXT
            ) rt;
        '
/* Thu Nov 06 23:03:20.961 2025 conn 172 (10.0.1.4:51722) */ 
            CREATE TABLE products (
                id BIGINT,
                doc_text TEXT
            ) rt;
         # error=P01: syntax error, unexpected CREATE near 'CREATE TABLE products (
                id BIGINT,
                doc_text TEXT
            ) rt;
        '
/* Thu Nov 06 23:03:32.967 2025 conn 173 (10.0.1.4:52796) */ 
            CREATE TABLE products (
                id BIGINT,
                doc_text TEXT
            ) rt;
         # error=P01: syntax error, unexpected CREATE near 'CREATE TABLE products (
                id BIGINT,
                doc_text TEXT
            ) rt;
        '
/* Thu Nov 06 23:03:45.147 2025 conn 174 (10.0.1.4:55182) */ 
            CREATE TABLE products (
                id BIGINT,
                doc_text TEXT
            ) rt;
         # error=P01: syntax error, unexpected CREATE near 'CREATE TABLE products (
                id BIGINT,
                doc_text TEXT
            ) rt;
        '
/* Thu Nov 06 23:03:58.231 2025 conn 175 (10.0.1.4:51506) */ 
            CREATE TABLE products (
                id BIGINT,
                doc_text TEXT
            ) rt;
         # error=P01: syntax error, unexpected CREATE near 'CREATE TABLE products (
                id BIGINT,
                doc_text TEXT
            ) rt;
        '
/* Thu Nov 06 23:04:10.704 2025 conn 176 (10.0.1.4:38544) */ 
            CREATE TABLE products (
                id BIGINT,
                doc_text TEXT
            ) rt;
         # error=P01: syntax error, unexpected CREATE near 'CREATE TABLE products (
                id BIGINT,
                doc_text TEXT
            ) rt;
        '
/* Thu Nov 06 23:04:23.006 2025 conn 177 (10.0.1.4:59444) */ 
            CREATE TABLE products (
                id BIGINT,
                doc_text TEXT
            ) rt;
         # error=P01: syntax error, unexpected CREATE near 'CREATE TABLE products (
                id BIGINT,
                doc_text TEXT
            ) rt;
        '
/* Thu Nov 06 23:04:35.572 2025 conn 178 (10.0.1.4:54014) */ 
            CREATE TABLE products (
                id BIGINT,
                doc_text TEXT
            ) rt;
         # error=P01: syntax error, unexpected CREATE near 'CREATE TABLE products (
                id BIGINT,
                doc_text TEXT
            ) rt;
        '
/* Thu Nov 06 23:04:59.809 2025 conn 179 (10.0.1.4:45808) */ 
            CREATE TABLE products (
                id BIGINT,
                doc_text TEXT
            ) rt;
         # error=P01: syntax error, unexpected CREATE near 'CREATE TABLE products (
                id BIGINT,
                doc_text TEXT
            ) rt;
        '
/* Thu Nov 06 23:05:00.217 2025 conn 180 (10.0.1.4:51360) */ 
            CREATE TABLE products (
                id BIGINT,
                doc_text TEXT
            ) rt;
         # error=P01: syntax error, unexpected CREATE near 'CREATE TABLE products (
                id BIGINT,
                doc_text TEXT
            ) rt;
        '
/* Thu Nov 06 23:05:12.679 2025 conn 181 (10.0.1.4:37912) */ 
            CREATE TABLE products (
                id BIGINT,
                doc_text TEXT
            ) rt;
         # error=P01: syntax error, unexpected CREATE near 'CREATE TABLE products (
                id BIGINT,
                doc_text TEXT
            ) rt;
        '
/* Thu Nov 06 23:05:24.323 2025 conn 182 (10.0.1.4:57052) */ 
            CREATE TABLE products (
                id BIGINT,
                doc_text TEXT
            ) rt;
         # error=P01: syntax error, unexpected CREATE near 'CREATE TABLE products (
                id BIGINT,
                doc_text TEXT
            ) rt;
        '
/* Thu Nov 06 23:05:36.059 2025 conn 183 (10.0.1.4:34614) */ 
            CREATE TABLE products (
                id BIGINT,
                doc_text TEXT
            ) rt;
         # error=P01: syntax error, unexpected CREATE near 'CREATE TABLE products (
                id BIGINT,
                doc_text TEXT
            ) rt;
        '
/* Thu Nov 06 23:05:48.470 2025 conn 184 (10.0.1.4:56666) */ 
            CREATE TABLE products (
                id BIGINT,
                doc_text TEXT
            ) rt;
         # error=P01: syntax error, unexpected CREATE near 'CREATE TABLE products (
                id BIGINT,
                doc_text TEXT
            ) rt;
        '
/* Thu Nov 06 23:06:00.535 2025 conn 185 (10.0.1.4:36036) */ 
            CREATE TABLE products (
                id BIGINT,
                doc_text TEXT
            ) rt;
         # error=P01: syntax error, unexpected CREATE near 'CREATE TABLE products (
                id BIGINT,
                doc_text TEXT
            ) rt;
        '
/* Thu Nov 06 23:06:12.404 2025 conn 186 (10.0.1.4:60794) */ 
            CREATE TABLE products (
                id BIGINT,
                doc_text TEXT
            ) rt;
         # error=P01: syntax error, unexpected CREATE near 'CREATE TABLE products (
                id BIGINT,
                doc_text TEXT
            ) rt;
        '
/* Thu Nov 06 23:06:24.397 2025 conn 187 (10.0.1.4:34362) */ 
            CREATE TABLE products (
                id BIGINT,
                doc_text TEXT
            ) rt;
         # error=P01: syntax error, unexpected CREATE near 'CREATE TABLE products (
                id BIGINT,
                doc_text TEXT
            ) rt;
        '
/* Thu Nov 06 23:06:36.885 2025 conn 188 (10.0.1.4:47142) */ 
            CREATE TABLE products (
                id BIGINT,
                doc_text TEXT
            ) rt;
         # error=P01: syntax error, unexpected CREATE near 'CREATE TABLE products (
                id BIGINT,
                doc_text TEXT
            ) rt;
        '
/* Thu Nov 06 23:06:49.716 2025 conn 189 (10.0.1.4:41126) */ 
            CREATE TABLE products (
                id BIGINT,
                doc_text TEXT
            ) rt;
         # error=P01: syntax error, unexpected CREATE near 'CREATE TABLE products (
                id BIGINT,
                doc_text TEXT
            ) rt;
        '
/* Thu Nov 06 23:07:01.868 2025 conn 190 (10.0.1.4:51280) */ 
            CREATE TABLE products (
                id BIGINT,
                doc_text TEXT
            ) rt;
         # error=P01: syntax error, unexpected CREATE near 'CREATE TABLE products (
                id BIGINT,
                doc_text TEXT
            ) rt;
        '
/* Thu Nov 06 23:07:13.971 2025 conn 191 (10.0.1.4:43076) */ 
            CREATE TABLE products (
                id BIGINT,
                doc_text TEXT
            ) rt;
         # error=P01: syntax error, unexpected CREATE near 'CREATE TABLE products (
                id BIGINT,
                doc_text TEXT
            ) rt;
        '
/* Thu Nov 06 23:07:26.381 2025 conn 192 (10.0.1.4:48202) */ 
            CREATE TABLE products (
                id BIGINT,
                doc_text TEXT
            ) rt;
         # error=P01: syntax error, unexpected CREATE near 'CREATE TABLE products (
                id BIGINT,
                doc_text TEXT
            ) rt;
        '
/* Thu Nov 06 23:37:11.859 2025 conn 1 (10.0.1.4:42156) */ CREATE TABLE products (id BIGINT, doc_text TEXT) TYPE=rt; # error=P03: syntax error, unexpected tablename, expecting string near 'rt;'
/* Thu Nov 06 23:37:24.379 2025 conn 2 (10.0.1.4:59952) */ CREATE TABLE products (id BIGINT, doc_text TEXT) TYPE=rt; # error=P03: syntax error, unexpected tablename, expecting string near 'rt;'
/* Thu Nov 06 23:37:36.528 2025 conn 3 (10.0.1.4:54834) */ CREATE TABLE products (id BIGINT, doc_text TEXT) TYPE=rt; # error=P03: syntax error, unexpected tablename, expecting string near 'rt;'
/* Thu Nov 06 23:37:49.285 2025 conn 4 (10.0.1.4:53894) */ CREATE TABLE products (id BIGINT, doc_text TEXT) TYPE=rt; # error=P03: syntax error, unexpected tablename, expecting string near 'rt;'
/* Thu Nov 06 23:38:02.107 2025 conn 5 (10.0.1.4:45162) */ CREATE TABLE products (id BIGINT, doc_text TEXT) TYPE=rt; # error=P03: syntax error, unexpected tablename, expecting string near 'rt;'
/* Thu Nov 06 23:38:26.136 2025 conn 6 (10.0.1.4:54990) */ CREATE TABLE products (id BIGINT, doc_text TEXT) TYPE=rt; # error=P03: syntax error, unexpected tablename, expecting string near 'rt;'
/* Thu Nov 06 23:38:26.853 2025 conn 7 (10.0.1.4:43508) */ CREATE TABLE products (id BIGINT, doc_text TEXT) TYPE=rt; # error=P03: syntax error, unexpected tablename, expecting string near 'rt;'
/* Thu Nov 06 23:56:52.624 2025 conn 1 (10.0.1.4:49806) */ CREATE TABLE products (id BIGINT, doc_text TEXT); # error=P03: syntax error, unexpected $undefined, expecting $end near ';'
/* Thu Nov 06 23:57:04.291 2025 conn 2 (10.0.1.4:45874) */ CREATE TABLE products (id BIGINT, doc_text TEXT); # error=P03: syntax error, unexpected $undefined, expecting $end near ';'
/* Thu Nov 06 23:57:16.045 2025 conn 3 (10.0.1.4:50758) */ CREATE TABLE products (id BIGINT, doc_text TEXT); # error=P03: syntax error, unexpected $undefined, expecting $end near ';'
/* Thu Nov 06 23:57:27.528 2025 conn 4 (10.0.1.4:46570) */ CREATE TABLE products (id BIGINT, doc_text TEXT); # error=P03: syntax error, unexpected $undefined, expecting $end near ';'
/* Thu Nov 06 23:57:39.095 2025 conn 5 (10.0.1.4:57010) */ CREATE TABLE products (id BIGINT, doc_text TEXT); # error=P03: syntax error, unexpected $undefined, expecting $end near ';'
/* Thu Nov 06 23:57:51.432 2025 conn 6 (10.0.1.4:46684) */ CREATE TABLE products (id BIGINT, doc_text TEXT); # error=P03: syntax error, unexpected $undefined, expecting $end near ';'
/* Thu Nov 06 23:58:04.101 2025 conn 7 (10.0.1.4:41234) */ CREATE TABLE products (id BIGINT, doc_text TEXT); # error=P03: syntax error, unexpected $undefined, expecting $end near ';'
/* Thu Nov 06 23:58:16.440 2025 conn 8 (10.0.1.4:36104) */ CREATE TABLE products (id BIGINT, doc_text TEXT); # error=P03: syntax error, unexpected $undefined, expecting $end near ';'
/* Thu Nov 06 23:58:28.793 2025 conn 9 (10.0.1.4:33356) */ CREATE TABLE products (id BIGINT, doc_text TEXT); # error=P03: syntax error, unexpected $undefined, expecting $end near ';'
/* Thu Nov 06 23:58:40.910 2025 conn 10 (10.0.1.4:60740) */ CREATE TABLE products (id BIGINT, doc_text TEXT); # error=P03: syntax error, unexpected $undefined, expecting $end near ';'
/* Thu Nov 06 23:58:53.132 2025 conn 11 (10.0.1.4:58646) */ CREATE TABLE products (id BIGINT, doc_text TEXT); # error=P03: syntax error, unexpected $undefined, expecting $end near ';'
/* Thu Nov 06 23:59:05.462 2025 conn 12 (10.0.1.4:49354) */ CREATE TABLE products (id BIGINT, doc_text TEXT); # error=P03: syntax error, unexpected $undefined, expecting $end near ';'
/* Thu Nov 06 23:59:17.650 2025 conn 13 (10.0.1.4:35800) */ CREATE TABLE products (id BIGINT, doc_text TEXT); # error=P03: syntax error, unexpected $undefined, expecting $end near ';'
/* Thu Nov 06 23:59:29.870 2025 conn 14 (10.0.1.4:35334) */ CREATE TABLE products (id BIGINT, doc_text TEXT); # error=P03: syntax error, unexpected $undefined, expecting $end near ';'
/* Thu Nov 06 23:59:41.399 2025 conn 15 (10.0.1.4:56224) */ CREATE TABLE products (id BIGINT, doc_text TEXT); # error=P03: syntax error, unexpected $undefined, expecting $end near ';'
/* Thu Nov 06 23:59:53.044 2025 conn 16 (10.0.1.4:36354) */ CREATE TABLE products (id BIGINT, doc_text TEXT); # error=P03: syntax error, unexpected $undefined, expecting $end near ';'
/* Fri Nov 07 00:00:05.373 2025 conn 17 (10.0.1.4:40236) */ CREATE TABLE products (id BIGINT, doc_text TEXT); # error=P03: syntax error, unexpected $undefined, expecting $end near ';'
/* Fri Nov 07 00:00:17.868 2025 conn 18 (10.0.1.4:57132) */ CREATE TABLE products (id BIGINT, doc_text TEXT); # error=P03: syntax error, unexpected $undefined, expecting $end near ';'
/* Fri Nov 07 00:00:42.051 2025 conn 19 (10.0.1.4:59192) */ CREATE TABLE products (id BIGINT, doc_text TEXT); # error=P03: syntax error, unexpected $undefined, expecting $end near ';'
/* Fri Nov 07 00:00:42.476 2025 conn 20 (10.0.1.4:38556) */ CREATE TABLE products (id BIGINT, doc_text TEXT); # error=P03: syntax error, unexpected $undefined, expecting $end near ';'
/* Fri Nov 07 00:00:54.831 2025 conn 21 (10.0.1.4:55608) */ CREATE TABLE products (id BIGINT, doc_text TEXT); # error=P03: syntax error, unexpected $undefined, expecting $end near ';'
/* Fri Nov 07 00:01:07.288 2025 conn 22 (10.0.1.4:45434) */ CREATE TABLE products (id BIGINT, doc_text TEXT); # error=P03: syntax error, unexpected $undefined, expecting $end near ';'
/* Fri Nov 07 00:01:19.485 2025 conn 23 (10.0.1.4:36074) */ CREATE TABLE products (id BIGINT, doc_text TEXT); # error=P03: syntax error, unexpected $undefined, expecting $end near ';'
/* Fri Nov 07 00:01:32.265 2025 conn 24 (10.0.1.4:51908) */ CREATE TABLE products (id BIGINT, doc_text TEXT); # error=P03: syntax error, unexpected $undefined, expecting $end near ';'
/* Fri Nov 07 00:01:44.642 2025 conn 25 (10.0.1.4:47704) */ CREATE TABLE products (id BIGINT, doc_text TEXT); # error=P03: syntax error, unexpected $undefined, expecting $end near ';'
/* Fri Nov 07 00:01:57.012 2025 conn 26 (10.0.1.4:55866) */ CREATE TABLE products (id BIGINT, doc_text TEXT); # error=P03: syntax error, unexpected $undefined, expecting $end near ';'
/* Fri Nov 07 00:02:09.179 2025 conn 27 (10.0.1.4:42842) */ CREATE TABLE products (id BIGINT, doc_text TEXT); # error=P03: syntax error, unexpected $undefined, expecting $end near ';'
/* Fri Nov 07 00:02:21.421 2025 conn 28 (10.0.1.4:35136) */ CREATE TABLE products (id BIGINT, doc_text TEXT); # error=P03: syntax error, unexpected $undefined, expecting $end near ';'
/* Fri Nov 07 00:02:32.907 2025 conn 29 (10.0.1.4:51606) */ CREATE TABLE products (id BIGINT, doc_text TEXT); # error=P03: syntax error, unexpected $undefined, expecting $end near ';'
/* Fri Nov 07 00:02:44.569 2025 conn 30 (10.0.1.4:41176) */ CREATE TABLE products (id BIGINT, doc_text TEXT); # error=P03: syntax error, unexpected $undefined, expecting $end near ';'
/* Fri Nov 07 00:02:56.962 2025 conn 31 (10.0.1.4:52844) */ CREATE TABLE products (id BIGINT, doc_text TEXT); # error=P03: syntax error, unexpected $undefined, expecting $end near ';'
/* Fri Nov 07 00:03:09.223 2025 conn 32 (10.0.1.4:53712) */ CREATE TABLE products (id BIGINT, doc_text TEXT); # error=P03: syntax error, unexpected $undefined, expecting $end near ';'
/* Fri Nov 07 00:03:21.941 2025 conn 33 (10.0.1.4:52062) */ CREATE TABLE products (id BIGINT, doc_text TEXT); # error=P03: syntax error, unexpected $undefined, expecting $end near ';'
/* Fri Nov 07 00:03:34.182 2025 conn 34 (10.0.1.4:45328) */ CREATE TABLE products (id BIGINT, doc_text TEXT); # error=P03: syntax error, unexpected $undefined, expecting $end near ';'
/* Fri Nov 07 00:03:47.003 2025 conn 35 (10.0.1.4:49612) */ CREATE TABLE products (id BIGINT, doc_text TEXT); # error=P03: syntax error, unexpected $undefined, expecting $end near ';'
/* Fri Nov 07 00:03:59.606 2025 conn 36 (10.0.1.4:59346) */ CREATE TABLE products (id BIGINT, doc_text TEXT); # error=P03: syntax error, unexpected $undefined, expecting $end near ';'
/* Fri Nov 07 00:04:12.147 2025 conn 37 (10.0.1.4:38334) */ CREATE TABLE products (id BIGINT, doc_text TEXT); # error=P03: syntax error, unexpected $undefined, expecting $end near ';'
/* Fri Nov 07 00:04:24.593 2025 conn 38 (10.0.1.4:60426) */ CREATE TABLE products (id BIGINT, doc_text TEXT); # error=P03: syntax error, unexpected $undefined, expecting $end near ';'
/* Fri Nov 07 00:58:34.590 2025 conn 1 (10.0.1.4:53852) */ CREATE TABLE products(id BIGINT, doc_text TEXT); # error=P03: syntax error, unexpected $undefined, expecting $end near ';'
/* Fri Nov 07 00:58:46.722 2025 conn 2 (10.0.1.4:46752) */ CREATE TABLE products(id BIGINT, doc_text TEXT); # error=P03: syntax error, unexpected $undefined, expecting $end near ';'
/* Fri Nov 07 00:58:59.040 2025 conn 3 (10.0.1.4:35730) */ CREATE TABLE products(id BIGINT, doc_text TEXT); # error=P03: syntax error, unexpected $undefined, expecting $end near ';'
/* Fri Nov 07 00:59:11.457 2025 conn 4 (10.0.1.4:42420) */ CREATE TABLE products(id BIGINT, doc_text TEXT); # error=P03: syntax error, unexpected $undefined, expecting $end near ';'
/* Fri Nov 07 00:59:23.507 2025 conn 5 (10.0.1.4:51140) */ CREATE TABLE products(id BIGINT, doc_text TEXT); # error=P03: syntax error, unexpected $undefined, expecting $end near ';'
/* Fri Nov 07 00:59:35.993 2025 conn 6 (10.0.1.4:52558) */ CREATE TABLE products(id BIGINT, doc_text TEXT); # error=P03: syntax error, unexpected $undefined, expecting $end near ';'
/* Fri Nov 07 00:59:48.556 2025 conn 7 (10.0.1.4:48602) */ CREATE TABLE products(id BIGINT, doc_text TEXT); # error=P03: syntax error, unexpected $undefined, expecting $end near ';'
/* Fri Nov 07 01:00:01.135 2025 conn 8 (10.0.1.4:59832) */ CREATE TABLE products(id BIGINT, doc_text TEXT); # error=P03: syntax error, unexpected $undefined, expecting $end near ';'
/* Fri Nov 07 01:00:13.628 2025 conn 9 (10.0.1.4:51376) */ CREATE TABLE products(id BIGINT, doc_text TEXT); # error=P03: syntax error, unexpected $undefined, expecting $end near ';'
/* Fri Nov 07 01:00:27.218 2025 conn 10 (10.0.1.4:34344) */ CREATE TABLE products(id BIGINT, doc_text TEXT); # error=P03: syntax error, unexpected $undefined, expecting $end near ';'
/* Fri Nov 07 01:00:52.789 2025 conn 11 (10.0.1.4:45122) */ CREATE TABLE products(id BIGINT, doc_text TEXT); # error=P03: syntax error, unexpected $undefined, expecting $end near ';'
/* Fri Nov 07 01:00:51.553 2025 conn 12 (10.0.1.4:53828) */ CREATE TABLE products(id BIGINT, doc_text TEXT); # error=P03: syntax error, unexpected $undefined, expecting $end near ';'
/* Fri Nov 07 01:01:03.467 2025 conn 13 (10.0.1.4:44998) */ CREATE TABLE products(id BIGINT, doc_text TEXT); # error=P03: syntax error, unexpected $undefined, expecting $end near ';'
/* Fri Nov 07 01:01:15.441 2025 conn 14 (10.0.1.4:39196) */ CREATE TABLE products(id BIGINT, doc_text TEXT); # error=P03: syntax error, unexpected $undefined, expecting $end near ';'
/* Fri Nov 07 01:01:27.561 2025 conn 15 (10.0.1.4:45210) */ CREATE TABLE products(id BIGINT, doc_text TEXT); # error=P03: syntax error, unexpected $undefined, expecting $end near ';'
/* Fri Nov 07 01:03:19.330 2025 conn 1 (10.0.1.4:48704) */ CREATE TABLE products(id BIGINT, doc_text TEXT); # error=P03: syntax error, unexpected $undefined, expecting $end near ';'
/* Fri Nov 07 01:03:31.430 2025 conn 2 (10.0.1.4:40188) */ CREATE TABLE products(id BIGINT, doc_text TEXT); # error=P03: syntax error, unexpected $undefined, expecting $end near ';'
/* Fri Nov 07 01:03:43.520 2025 conn 3 (10.0.1.4:42796) */ CREATE TABLE products(id BIGINT, doc_text TEXT); # error=P03: syntax error, unexpected $undefined, expecting $end near ';'
/* Fri Nov 07 01:03:55.462 2025 conn 4 (10.0.1.4:47890) */ CREATE TABLE products(id BIGINT, doc_text TEXT); # error=P03: syntax error, unexpected $undefined, expecting $end near ';'
/* Fri Nov 07 01:04:07.388 2025 conn 5 (10.0.1.4:34442) */ CREATE TABLE products(id BIGINT, doc_text TEXT); # error=P03: syntax error, unexpected $undefined, expecting $end near ';'
/* Fri Nov 07 01:04:19.369 2025 conn 6 (10.0.1.4:36500) */ CREATE TABLE products(id BIGINT, doc_text TEXT); # error=P03: syntax error, unexpected $undefined, expecting $end near ';'
/* Fri Nov 07 01:04:31.621 2025 conn 7 (10.0.1.4:57250) */ CREATE TABLE products(id BIGINT, doc_text TEXT); # error=P03: syntax error, unexpected $undefined, expecting $end near ';'
/* Fri Nov 07 01:04:43.554 2025 conn 8 (10.0.1.4:53746) */ CREATE TABLE products(id BIGINT, doc_text TEXT); # error=P03: syntax error, unexpected $undefined, expecting $end near ';'
/* Fri Nov 07 01:04:55.862 2025 conn 9 (10.0.1.4:58894) */ CREATE TABLE products(id BIGINT, doc_text TEXT); # error=P03: syntax error, unexpected $undefined, expecting $end near ';'
/* Fri Nov 07 01:05:08.193 2025 conn 10 (10.0.1.4:35718) */ CREATE TABLE products(id BIGINT, doc_text TEXT); # error=P03: syntax error, unexpected $undefined, expecting $end near ';'
/* Fri Nov 07 01:05:20.654 2025 conn 11 (10.0.1.4:58806) */ CREATE TABLE products(id BIGINT, doc_text TEXT); # error=P03: syntax error, unexpected $undefined, expecting $end near ';'
/* Fri Nov 07 01:05:32.896 2025 conn 12 (10.0.1.4:46026) */ CREATE TABLE products(id BIGINT, doc_text TEXT); # error=P03: syntax error, unexpected $undefined, expecting $end near ';'
/* Fri Nov 07 01:05:58.414 2025 conn 13 (10.0.1.4:59596) */ CREATE TABLE products(id BIGINT, doc_text TEXT); # error=P03: syntax error, unexpected $undefined, expecting $end near ';'
/* Fri Nov 07 01:05:57.621 2025 conn 14 (10.0.1.4:38628) */ CREATE TABLE products(id BIGINT, doc_text TEXT); # error=P03: syntax error, unexpected $undefined, expecting $end near ';'
/* Fri Nov 07 01:06:09.971 2025 conn 15 (10.0.1.4:50776) */ CREATE TABLE products(id BIGINT, doc_text TEXT); # error=P03: syntax error, unexpected $undefined, expecting $end near ';'
/* Fri Nov 07 01:06:22.142 2025 conn 16 (10.0.1.4:49794) */ CREATE TABLE products(id BIGINT, doc_text TEXT); # error=P03: syntax error, unexpected $undefined, expecting $end near ';'
/* Fri Nov 07 01:06:33.836 2025 conn 17 (10.0.1.4:50020) */ CREATE TABLE products(id BIGINT, doc_text TEXT); # error=P03: syntax error, unexpected $undefined, expecting $end near ';'
/* Fri Nov 07 01:06:45.911 2025 conn 18 (10.0.1.4:60036) */ CREATE TABLE products(id BIGINT, doc_text TEXT); # error=P03: syntax error, unexpected $undefined, expecting $end near ';'
/* Fri Nov 07 01:06:57.941 2025 conn 19 (10.0.1.4:37236) */ CREATE TABLE products(id BIGINT, doc_text TEXT); # error=P03: syntax error, unexpected $undefined, expecting $end near ';'
/* Fri Nov 07 01:07:10.307 2025 conn 20 (10.0.1.4:47102) */ CREATE TABLE products(id BIGINT, doc_text TEXT); # error=P03: syntax error, unexpected $undefined, expecting $end near ';'
/* Fri Nov 07 01:07:22.362 2025 conn 21 (10.0.1.4:52202) */ CREATE TABLE products(id BIGINT, doc_text TEXT); # error=P03: syntax error, unexpected $undefined, expecting $end near ';'
/* Fri Nov 07 01:07:34.675 2025 conn 22 (10.0.1.4:35134) */ CREATE TABLE products(id BIGINT, doc_text TEXT); # error=P03: syntax error, unexpected $undefined, expecting $end near ';'
/* Fri Nov 07 01:07:47.254 2025 conn 23 (10.0.1.4:50284) */ CREATE TABLE products(id BIGINT, doc_text TEXT); # error=P03: syntax error, unexpected $undefined, expecting $end near ';'
/* Fri Nov 07 01:08:12.429 2025 conn 24 (10.0.1.4:56020) */ CREATE TABLE products(id BIGINT, doc_text TEXT); # error=P03: syntax error, unexpected $undefined, expecting $end near ';'
/* Fri Nov 07 01:08:11.643 2025 conn 25 (10.0.1.4:47664) */ CREATE TABLE products(id BIGINT, doc_text TEXT); # error=P03: syntax error, unexpected $undefined, expecting $end near ';'
/* Fri Nov 07 01:08:23.861 2025 conn 26 (10.0.1.4:52452) */ CREATE TABLE products(id BIGINT, doc_text TEXT); # error=P03: syntax error, unexpected $undefined, expecting $end near ';'
/* Fri Nov 07 01:08:36.223 2025 conn 27 (10.0.1.4:57148) */ CREATE TABLE products(id BIGINT, doc_text TEXT); # error=P03: syntax error, unexpected $undefined, expecting $end near ';'
/* Fri Nov 07 01:08:48.453 2025 conn 28 (10.0.1.4:36410) */ CREATE TABLE products(id BIGINT, doc_text TEXT); # error=P03: syntax error, unexpected $undefined, expecting $end near ';'
/* Fri Nov 07 01:09:00.504 2025 conn 29 (10.0.1.4:39732) */ CREATE TABLE products(id BIGINT, doc_text TEXT); # error=P03: syntax error, unexpected $undefined, expecting $end near ';'
/* Fri Nov 07 01:09:13.330 2025 conn 30 (10.0.1.4:39786) */ CREATE TABLE products(id BIGINT, doc_text TEXT); # error=P03: syntax error, unexpected $undefined, expecting $end near ';'
/* Fri Nov 07 01:09:26.083 2025 conn 31 (10.0.1.4:38308) */ CREATE TABLE products(id BIGINT, doc_text TEXT); # error=P03: syntax error, unexpected $undefined, expecting $end near ';'
/* Fri Nov 07 01:09:38.149 2025 conn 32 (10.0.1.4:56896) */ CREATE TABLE products(id BIGINT, doc_text TEXT); # error=P03: syntax error, unexpected $undefined, expecting $end near ';'
/* Fri Nov 07 01:09:50.489 2025 conn 33 (10.0.1.4:52210) */ CREATE TABLE products(id BIGINT, doc_text TEXT); # error=P03: syntax error, unexpected $undefined, expecting $end near ';'
/* Fri Nov 07 01:25:12.070 2025 conn 1 (10.0.1.4:60010) */ CREATE TABLE products(id BIGINT, doc_text TEXT) TYPE=rt # error=P03: syntax error, unexpected tablename, expecting string near 'rt'
/* Fri Nov 07 01:25:10.921 2025 conn 2 (10.0.1.4:53160) */ CREATE TABLE products(id BIGINT, doc_text TEXT) TYPE=rt # error=P03: syntax error, unexpected tablename, expecting string near 'rt'
/* Fri Nov 07 01:25:23.666 2025 conn 3 (10.0.1.4:54586) */ CREATE TABLE products(id BIGINT, doc_text TEXT) TYPE=rt # error=P03: syntax error, unexpected tablename, expecting string near 'rt'
/* Fri Nov 07 01:25:35.700 2025 conn 4 (10.0.1.4:32996) */ CREATE TABLE products(id BIGINT, doc_text TEXT) TYPE=rt # error=P03: syntax error, unexpected tablename, expecting string near 'rt'
/* Fri Nov 07 01:25:48.232 2025 conn 5 (10.0.1.4:38920) */ CREATE TABLE products(id BIGINT, doc_text TEXT) TYPE=rt # error=P03: syntax error, unexpected tablename, expecting string near 'rt'
/* Fri Nov 07 01:26:02.245 2025 conn 6 (10.0.1.4:54316) */ CREATE TABLE products(id BIGINT, doc_text TEXT) TYPE=rt # error=P03: syntax error, unexpected tablename, expecting string near 'rt'
/* Fri Nov 07 01:26:15.273 2025 conn 7 (10.0.1.4:44118) */ CREATE TABLE products(id BIGINT, doc_text TEXT) TYPE=rt # error=P03: syntax error, unexpected tablename, expecting string near 'rt'
/* Fri Nov 07 01:26:28.995 2025 conn 8 (10.0.1.4:41496) */ CREATE TABLE products(id BIGINT, doc_text TEXT) TYPE=rt # error=P03: syntax error, unexpected tablename, expecting string near 'rt'
/* Fri Nov 07 01:26:41.719 2025 conn 9 (10.0.1.4:37558) */ CREATE TABLE products(id BIGINT, doc_text TEXT) TYPE=rt # error=P03: syntax error, unexpected tablename, expecting string near 'rt'
/* Fri Nov 07 01:26:54.257 2025 conn 10 (10.0.1.4:44276) */ CREATE TABLE products(id BIGINT, doc_text TEXT) TYPE=rt # error=P03: syntax error, unexpected tablename, expecting string near 'rt'
/* Fri Nov 07 01:27:07.043 2025 conn 11 (10.0.1.4:45828) */ CREATE TABLE products(id BIGINT, doc_text TEXT) TYPE=rt # error=P03: syntax error, unexpected tablename, expecting string near 'rt'
/* Fri Nov 07 01:27:20.075 2025 conn 12 (10.0.1.4:53710) */ CREATE TABLE products(id BIGINT, doc_text TEXT) TYPE=rt # error=P03: syntax error, unexpected tablename, expecting string near 'rt'
/* Fri Nov 07 01:27:33.265 2025 conn 13 (10.0.1.4:59776) */ CREATE TABLE products(id BIGINT, doc_text TEXT) TYPE=rt # error=P03: syntax error, unexpected tablename, expecting string near 'rt'
/* Fri Nov 07 01:27:46.047 2025 conn 14 (10.0.1.4:38276) */ CREATE TABLE products(id BIGINT, doc_text TEXT) TYPE=rt # error=P03: syntax error, unexpected tablename, expecting string near 'rt'
/* Fri Nov 07 01:27:58.127 2025 conn 15 (10.0.1.4:34020) */ CREATE TABLE products(id BIGINT, doc_text TEXT) TYPE=rt # error=P03: syntax error, unexpected tablename, expecting string near 'rt'
/* Fri Nov 07 01:28:10.613 2025 conn 16 (10.0.1.4:53962) */ CREATE TABLE products(id BIGINT, doc_text TEXT) TYPE=rt # error=P03: syntax error, unexpected tablename, expecting string near 'rt'
/* Fri Nov 07 01:28:23.119 2025 conn 17 (10.0.1.4:41752) */ CREATE TABLE products(id BIGINT, doc_text TEXT) TYPE=rt # error=P03: syntax error, unexpected tablename, expecting string near 'rt'
/* Fri Nov 07 01:28:35.504 2025 conn 18 (10.0.1.4:42410) */ CREATE TABLE products(id BIGINT, doc_text TEXT) TYPE=rt # error=P03: syntax error, unexpected tablename, expecting string near 'rt'
/* Fri Nov 07 01:28:50.724 2025 conn 19 (10.0.1.4:58052) */ CREATE TABLE products(id BIGINT, doc_text TEXT) TYPE=rt # error=P03: syntax error, unexpected tablename, expecting string near 'rt'
/* Fri Nov 07 01:29:12.285 2025 conn 20 (10.0.1.4:45390) */ CREATE TABLE products(id BIGINT, doc_text TEXT) TYPE=rt # error=P03: syntax error, unexpected tablename, expecting string near 'rt'
/* Fri Nov 07 01:29:33.572 2025 conn 21 (10.0.1.4:58614) */ CREATE TABLE products(id BIGINT, doc_text TEXT) TYPE=rt # error=P03: syntax error, unexpected tablename, expecting string near 'rt'
/* Fri Nov 07 01:30:01.557 2025 conn 22 (10.0.1.4:52622) */ CREATE TABLE products(id BIGINT, doc_text TEXT) TYPE=rt # error=P03: syntax error, unexpected tablename, expecting string near 'rt'
/* Fri Nov 07 01:30:21.823 2025 conn 23 (10.0.1.4:35828) */ CREATE TABLE products(id BIGINT, doc_text TEXT) TYPE=rt # error=P03: syntax error, unexpected tablename, expecting string near 'rt'
/* Fri Nov 07 01:30:39.974 2025 conn 24 (10.0.1.4:52896) */ CREATE TABLE products(id BIGINT, doc_text TEXT) TYPE=rt # error=P03: syntax error, unexpected tablename, expecting string near 'rt'
/* Fri Nov 07 01:31:33.661 2025 conn 25 (10.0.1.4:53786) */ CREATE TABLE products(id BIGINT, doc_text TEXT) TYPE=rt # error=P03: syntax error, unexpected tablename, expecting string near 'rt'
/* Fri Nov 07 01:31:53.214 2025 conn 26 (10.0.1.4:36966) */ CREATE TABLE products(id BIGINT, doc_text TEXT) TYPE=rt # error=P03: syntax error, unexpected tablename, expecting string near 'rt'
/* Fri Nov 07 01:32:13.926 2025 conn 27 (10.0.1.4:60850) */ CREATE TABLE products(id BIGINT, doc_text TEXT) TYPE=rt # error=P03: syntax error, unexpected tablename, expecting string near 'rt'
/* Fri Nov 07 01:32:42.084 2025 conn 28 (10.0.1.4:49390) */ CREATE TABLE products(id BIGINT, doc_text TEXT) TYPE=rt # error=P03: syntax error, unexpected tablename, expecting string near 'rt'
/* Fri Nov 07 01:32:57.007 2025 conn 29 (10.0.1.4:54124) */ CREATE TABLE products(id BIGINT, doc_text TEXT) TYPE=rt # error=P03: syntax error, unexpected tablename, expecting string near 'rt'
/* Fri Nov 07 01:33:14.140 2025 conn 30 (10.0.1.4:35818) */ CREATE TABLE products(id BIGINT, doc_text TEXT) TYPE=rt # error=P03: syntax error, unexpected tablename, expecting string near 'rt'
/* Fri Nov 07 01:33:28.194 2025 conn 31 (10.0.1.4:51466) */ CREATE TABLE products(id BIGINT, doc_text TEXT) TYPE=rt # error=P03: syntax error, unexpected tablename, expecting string near 'rt'
/* Fri Nov 07 01:33:44.178 2025 conn 32 (10.0.1.4:34448) */ CREATE TABLE products(id BIGINT, doc_text TEXT) TYPE=rt # error=P03: syntax error, unexpected tablename, expecting string near 'rt'
/* Fri Nov 07 01:33:57.751 2025 conn 33 (10.0.1.4:51710) */ CREATE TABLE products(id BIGINT, doc_text TEXT) TYPE=rt # error=P03: syntax error, unexpected tablename, expecting string near 'rt'
/* Fri Nov 07 01:34:11.777 2025 conn 34 (10.0.1.4:58150) */ CREATE TABLE products(id BIGINT, doc_text TEXT) TYPE=rt # error=P03: syntax error, unexpected tablename, expecting string near 'rt'
/* Fri Nov 07 01:34:29.063 2025 conn 35 (10.0.1.4:49124) */ CREATE TABLE products(id BIGINT, doc_text TEXT) TYPE=rt # error=P03: syntax error, unexpected tablename, expecting string near 'rt'
/* Fri Nov 07 01:34:46.114 2025 conn 36 (10.0.1.4:46592) */ CREATE TABLE products(id BIGINT, doc_text TEXT) TYPE=rt # error=P03: syntax error, unexpected tablename, expecting string near 'rt'
/* Fri Nov 07 01:35:03.353 2025 conn 37 (10.0.1.4:40550) */ CREATE TABLE products(id BIGINT, doc_text TEXT) TYPE=rt # error=P03: syntax error, unexpected tablename, expecting string near 'rt'
/* Fri Nov 07 01:35:17.800 2025 conn 38 (10.0.1.4:46984) */ CREATE TABLE products(id BIGINT, doc_text TEXT) TYPE=rt # error=P03: syntax error, unexpected tablename, expecting string near 'rt'
/* Fri Nov 07 01:35:33.230 2025 conn 39 (10.0.1.4:55490) */ CREATE TABLE products(id BIGINT, doc_text TEXT) TYPE=rt # error=P03: syntax error, unexpected tablename, expecting string near 'rt'
/* Fri Nov 07 01:35:47.408 2025 conn 40 (10.0.1.4:41982) */ CREATE TABLE products(id BIGINT, doc_text TEXT) TYPE=rt # error=P03: syntax error, unexpected tablename, expecting string near 'rt'
/* Fri Nov 07 01:36:00.621 2025 conn 41 (10.0.1.4:54832) */ CREATE TABLE products(id BIGINT, doc_text TEXT) TYPE=rt # error=P03: syntax error, unexpected tablename, expecting string near 'rt'
/* Fri Nov 07 01:36:17.171 2025 conn 42 (10.0.1.4:50990) */ CREATE TABLE products(id BIGINT, doc_text TEXT) TYPE=rt # error=P03: syntax error, unexpected tablename, expecting string near 'rt'
/* Fri Nov 07 01:36:58.862 2025 conn 43 (10.0.1.4:48830) */ CREATE TABLE products(id BIGINT, doc_text TEXT) TYPE=rt # error=P03: syntax error, unexpected tablename, expecting string near 'rt'
/* Fri Nov 07 01:37:28.655 2025 conn 44 (10.0.1.4:37286) */ CREATE TABLE products(id BIGINT, doc_text TEXT) TYPE=rt # error=P03: syntax error, unexpected tablename, expecting string near 'rt'
/* Fri Nov 07 01:37:40.709 2025 conn 45 (10.0.1.4:52444) */ CREATE TABLE products(id BIGINT, doc_text TEXT) TYPE=rt # error=P03: syntax error, unexpected tablename, expecting string near 'rt'
/* Fri Nov 07 01:37:54.890 2025 conn 46 (10.0.1.4:45460) */ CREATE TABLE products(id BIGINT, doc_text TEXT) TYPE=rt # error=P03: syntax error, unexpected tablename, expecting string near 'rt'
/* Fri Nov 07 01:38:09.670 2025 conn 47 (10.0.1.4:42258) */ CREATE TABLE products(id BIGINT, doc_text TEXT) TYPE=rt # error=P03: syntax error, unexpected tablename, expecting string near 'rt'
/* Fri Nov 07 01:38:23.770 2025 conn 48 (10.0.1.4:50398) */ CREATE TABLE products(id BIGINT, doc_text TEXT) TYPE=rt # error=P03: syntax error, unexpected tablename, expecting string near 'rt'
/* Fri Nov 07 01:38:38.068 2025 conn 49 (10.0.1.4:47394) */ CREATE TABLE products(id BIGINT, doc_text TEXT) TYPE=rt # error=P03: syntax error, unexpected tablename, expecting string near 'rt'
/* Fri Nov 07 01:39:05.651 2025 conn 50 (10.0.1.4:54984) */ CREATE TABLE products(id BIGINT, doc_text TEXT) TYPE=rt # error=P03: syntax error, unexpected tablename, expecting string near 'rt'
/* Fri Nov 07 01:39:06.387 2025 conn 51 (10.0.1.4:51280) */ CREATE TABLE products(id BIGINT, doc_text TEXT) TYPE=rt # error=P03: syntax error, unexpected tablename, expecting string near 'rt'
/* Fri Nov 07 01:39:20.252 2025 conn 52 (10.0.1.4:38990) */ CREATE TABLE products(id BIGINT, doc_text TEXT) TYPE=rt # error=P03: syntax error, unexpected tablename, expecting string near 'rt'
/* Fri Nov 07 01:39:34.201 2025 conn 53 (10.0.1.4:34290) */ CREATE TABLE products(id BIGINT, doc_text TEXT) TYPE=rt # error=P03: syntax error, unexpected tablename, expecting string near 'rt'
/* Fri Nov 07 01:39:48.126 2025 conn 54 (10.0.1.4:49698) */ CREATE TABLE products(id BIGINT, doc_text TEXT) TYPE=rt # error=P03: syntax error, unexpected tablename, expecting string near 'rt'
/* Fri Nov 07 01:40:02.033 2025 conn 55 (10.0.1.4:49036) */ CREATE TABLE products(id BIGINT, doc_text TEXT) TYPE=rt # error=P03: syntax error, unexpected tablename, expecting string near 'rt'
/* Fri Nov 07 01:40:14.482 2025 conn 56 (10.0.1.4:36462) */ CREATE TABLE products(id BIGINT, doc_text TEXT) TYPE=rt # error=P03: syntax error, unexpected tablename, expecting string near 'rt'
/* Fri Nov 07 01:40:26.791 2025 conn 57 (10.0.1.4:55024) */ CREATE TABLE products(id BIGINT, doc_text TEXT) TYPE=rt # error=P03: syntax error, unexpected tablename, expecting string near 'rt'
/* Fri Nov 07 02:07:18.488 2025 conn 1 (127.0.0.1:47776) */ CREATE TABLE products (id BIGINT, doc_text TEXT) # error=table 'products': CREATE TABLE failed: table 'products' already exists
/* Fri Nov 07 02:09:03.230 2025 conn 3 (10.0.1.4:60172) real 0.000 wall 0.000 found 0 */ SELECT id FROM products WHERE MATCH('я') OPTION max_matches=100;
/* Fri Nov 07 02:09:03.305 2025 conn 4 (10.0.1.4:60180) real 0.000 wall 0.000 found 0 */ SELECT id FROM products WHERE MATCH('ях') OPTION max_matches=100;
/* Fri Nov 07 02:09:03.645 2025 conn 5 (10.0.1.4:60182) real 0.000 wall 0.000 found 0 */ SELECT id FROM products WHERE MATCH('яхт') OPTION max_matches=100;
/* Fri Nov 07 02:09:03.785 2025 conn 6 (10.0.1.4:60192) real 0.000 wall 0.000 found 0 */ SELECT id FROM products WHERE MATCH('яхто') OPTION max_matches=100;
/* Fri Nov 07 02:09:03.893 2025 conn 7 (10.0.1.4:60200) real 0.000 wall 0.000 found 0 */ SELECT id FROM products WHERE MATCH('яхточ') OPTION max_matches=100;
/* Fri Nov 07 02:09:04.127 2025 conn 8 (10.0.1.4:60210) real 0.000 wall 0.000 found 0 */ SELECT id FROM products WHERE MATCH('яхточк') OPTION max_matches=100;
/* Fri Nov 07 02:09:04.256 2025 conn 9 (10.0.1.4:60224) real 0.000 wall 0.000 found 1 */ SELECT id FROM products WHERE MATCH('яхточка') OPTION max_matches=100;
